n192-025-219:252615:254109 [7] NCCL INFO Tree 5 : 4 -> 7 -> 6/-1/-1
n192-025-219:252612:254113 [4] NCCL INFO Ring 06 : 3 -> 4 -> 5
n192-025-219:252610:254110 [2] NCCL INFO Ring 01 : 0 -> 2 -> 3
n192-025-219:252614:254111 [6] NCCL INFO Ring 05 : 1 -> 6 -> 4
n192-025-219:252609:254114 [1] NCCL INFO Ring 03 : 6 -> 1 -> 3
n192-025-219:252613:254112 [5] NCCL INFO Ring 05 : 7 -> 5 -> 2
n192-025-219:252611:254108 [3] NCCL INFO Ring 06 : 2 -> 3 -> 4
n192-025-219:252608:254107 [0] NCCL INFO Tree 8 : -1 -> 0 -> 2/-1/-1
n192-025-219:252615:254109 [7] NCCL INFO Tree 11 : 4 -> 7 -> 6/-1/-1
n192-025-219:252612:254113 [4] NCCL INFO Ring 07 : 6 -> 4 -> 5
n192-025-219:252610:254110 [2] NCCL INFO Ring 02 : 0 -> 2 -> 5
n192-025-219:252614:254111 [6] NCCL INFO Ring 06 : 5 -> 6 -> 7
n192-025-219:252609:254114 [1] NCCL INFO Ring 04 : 2 -> 1 -> 0
n192-025-219:252613:254112 [5] NCCL INFO Ring 06 : 4 -> 5 -> 6
n192-025-219:252611:254108 [3] NCCL INFO Ring 07 : 2 -> 3 -> 1
n192-025-219:252608:254107 [0] NCCL INFO Tree 3 : -1 -> 0 -> 7/-1/-1
n192-025-219:252615:254109 [7] NCCL INFO Ring 00 : 6 -> 7 -> 0
n192-025-219:252612:254113 [4] NCCL INFO Ring 08 : 7 -> 4 -> 6
n192-025-219:252610:254110 [2] NCCL INFO Ring 03 : 3 -> 2 -> 0
n192-025-219:252614:254111 [6] NCCL INFO Ring 07 : 1 -> 6 -> 4
n192-025-219:252609:254114 [1] NCCL INFO Ring 05 : 3 -> 1 -> 6
n192-025-219:252613:254112 [5] NCCL INFO Ring 07 : 4 -> 5 -> 7
n192-025-219:252611:254108 [3] NCCL INFO Ring 08 : 1 -> 3 -> 0
n192-025-219:252608:254107 [0] NCCL INFO Tree 9 : -1 -> 0 -> 7/-1/-1
n192-025-219:252615:254109 [7] NCCL INFO Ring 01 : 5 -> 7 -> 0
n192-025-219:252612:254113 [4] NCCL INFO Ring 09 : 5 -> 4 -> 6
n192-025-219:252610:254110 [2] NCCL INFO Ring 04 : 3 -> 2 -> 1
n192-025-219:252614:254111 [6] NCCL INFO Ring 08 : 4 -> 6 -> 1
n192-025-219:252609:254114 [1] NCCL INFO Ring 06 : 0 -> 1 -> 2
n192-025-219:252613:254112 [5] NCCL INFO Ring 08 : 2 -> 5 -> 7
n192-025-219:252611:254108 [3] NCCL INFO Ring 09 : 1 -> 3 -> 2
n192-025-219:252608:254107 [0] NCCL INFO Tree 4 : -1 -> 0 -> 7/-1/-1
n192-025-219:252615:254109 [7] NCCL INFO Ring 02 : 5 -> 7 -> 4
n192-025-219:252612:254113 [4] NCCL INFO Ring 10 : 5 -> 4 -> 3
n192-025-219:252610:254110 [2] NCCL INFO Ring 05 : 5 -> 2 -> 0
n192-025-219:252614:254111 [6] NCCL INFO Ring 09 : 4 -> 6 -> 1
n192-025-219:252609:254114 [1] NCCL INFO Ring 07 : 3 -> 1 -> 6
n192-025-219:252613:254112 [5] NCCL INFO Ring 09 : 7 -> 5 -> 4
n192-025-219:252611:254108 [3] NCCL INFO Ring 10 : 4 -> 3 -> 2
n192-025-219:252608:254107 [0] NCCL INFO Tree 10 : -1 -> 0 -> 7/-1/-1
n192-025-219:252615:254109 [7] NCCL INFO Ring 03 : 0 -> 7 -> 5
n192-025-219:252612:254113 [4] NCCL INFO Ring 11 : 6 -> 4 -> 7
n192-025-219:252610:254110 [2] NCCL INFO Ring 06 : 1 -> 2 -> 3
n192-025-219:252614:254111 [6] NCCL INFO Ring 10 : 7 -> 6 -> 5
n192-025-219:252609:254114 [1] NCCL INFO Ring 08 : 6 -> 1 -> 3
n192-025-219:252613:254112 [5] NCCL INFO Ring 10 : 6 -> 5 -> 4
n192-025-219:252611:254108 [3] NCCL INFO Ring 11 : 0 -> 3 -> 1
n192-025-219:252608:254107 [0] NCCL INFO Channel 00/12 :    0   1   2   3   4   5   6   7
n192-025-219:252615:254109 [7] NCCL INFO Ring 04 : 0 -> 7 -> 6
n192-025-219:252612:254113 [4] NCCL INFO Trees [0] 5/-1/-1->4->3 [1] 5/-1/-1->4->6 [2] 6/-1/-1->4->7 [3] 6/-1/-1->4->5 [4] 3/-1/-1->4->5 [5] 7/-1/-1->4->-1 [6] 5/-1/-1->4->3 [7] 5/-1/-1->4->6 [8] 6/-1/-1->4->7 [9] 6/-1/-1->4->5 [10] 3/-1/-1->4->5 [11] 7/-1/-1->4->-1
n192-025-219:252610:254110 [2] NCCL INFO Ring 07 : 0 -> 2 -> 3
n192-025-219:252614:254111 [6] NCCL INFO Ring 11 : 1 -> 6 -> 4
n192-025-219:252609:254114 [1] NCCL INFO Ring 09 : 6 -> 1 -> 3
n192-025-219:252613:254112 [5] NCCL INFO Ring 11 : 7 -> 5 -> 2
n192-025-219:252611:254108 [3] NCCL INFO Trees [0] 4/-1/-1->3->2 [1] 1/-1/-1->3->2 [2] -1/-1/-1->3->1 [3] 2/-1/-1->3->1 [4] 2/-1/-1->3->4 [5] 1/-1/-1->3->0 [6] 4/-1/-1->3->2 [7] 1/-1/-1->3->2 [8] -1/-1/-1->3->1 [9] 2/-1/-1->3->1 [10] 2/-1/-1->3->4 [11] 1/-1/-1->3->0
n192-025-219:252608:254107 [0] NCCL INFO Channel 01/12 :    0   2   3   1   6   4   5   7
n192-025-219:252615:254109 [7] NCCL INFO Ring 05 : 4 -> 7 -> 5
n192-025-219:252612:254113 [4] NCCL INFO P2P Chunksize set to 524288
n192-025-219:252610:254110 [2] NCCL INFO Ring 08 : 0 -> 2 -> 5
n192-025-219:252614:254111 [6] NCCL INFO Trees [0] 7/-1/-1->6->5 [1] 4/-1/-1->6->1 [2] 1/-1/-1->6->4 [3] 1/-1/-1->6->4 [4] -1/-1/-1->6->1 [5] 5/-1/-1->6->7 [6] 7/-1/-1->6->5 [7] 4/-1/-1->6->1 [8] 1/-1/-1->6->4 [9] 1/-1/-1->6->4 [10] -1/-1/-1->6->1 [11] 5/-1/-1->6->7
n192-025-219:252609:254114 [1] NCCL INFO Ring 10 : 2 -> 1 -> 0
n192-025-219:252613:254112 [5] NCCL INFO Trees [0] 6/-1/-1->5->4 [1] 7/-1/-1->5->4 [2] 7/-1/-1->5->2 [3] 4/-1/-1->5->7 [4] 4/-1/-1->5->7 [5] 2/-1/-1->5->6 [6] 6/-1/-1->5->4 [7] 7/-1/-1->5->4 [8] 7/-1/-1->5->2 [9] 4/-1/-1->5->7 [10] 4/-1/-1->5->7 [11] 2/-1/-1->5->6
n192-025-219:252611:254108 [3] NCCL INFO P2P Chunksize set to 524288
n192-025-219:252608:254107 [0] NCCL INFO Channel 02/12 :    0   2   5   7   4   6   1   3
n192-025-219:252615:254109 [7] NCCL INFO Ring 06 : 6 -> 7 -> 0
n192-025-219:252610:254110 [2] NCCL INFO Ring 09 : 3 -> 2 -> 0
n192-025-219:252614:254111 [6] NCCL INFO P2P Chunksize set to 524288
n192-025-219:252609:254114 [1] NCCL INFO Ring 11 : 3 -> 1 -> 6
n192-025-219:252613:254112 [5] NCCL INFO P2P Chunksize set to 524288
n192-025-219:252608:254107 [0] NCCL INFO Channel 03/12 :    0   7   5   4   6   1   3   2
n192-025-219:252615:254109 [7] NCCL INFO Ring 07 : 5 -> 7 -> 0
n192-025-219:252610:254110 [2] NCCL INFO Ring 10 : 3 -> 2 -> 1
n192-025-219:252609:254114 [1] NCCL INFO Trees [0] 2/-1/-1->1->0 [1] 6/-1/-1->1->3 [2] 3/-1/-1->1->6 [3] 3/-1/-1->1->6 [4] 6/-1/-1->1->2 [5] -1/-1/-1->1->3 [6] 2/-1/-1->1->0 [7] 6/-1/-1->1->3 [8] 3/-1/-1->1->6 [9] 3/-1/-1->1->6 [10] 6/-1/-1->1->2 [11] -1/-1/-1->1->3
n192-025-219:252608:254107 [0] NCCL INFO Channel 04/12 :    0   7   6   5   4   3   2   1
n192-025-219:252615:254109 [7] NCCL INFO Ring 08 : 5 -> 7 -> 4
n192-025-219:252610:254110 [2] NCCL INFO Ring 11 : 5 -> 2 -> 0
n192-025-219:252609:254114 [1] NCCL INFO P2P Chunksize set to 524288
n192-025-219:252608:254107 [0] NCCL INFO Channel 05/12 :    0   3   1   6   4   7   5   2
n192-025-219:252615:254109 [7] NCCL INFO Ring 09 : 0 -> 7 -> 5
n192-025-219:252610:254110 [2] NCCL INFO Trees [0] 3/-1/-1->2->1 [1] 3/-1/-1->2->0 [2] 5/-1/-1->2->0 [3] -1/-1/-1->2->3 [4] 1/-1/-1->2->3 [5] 0/-1/-1->2->5 [6] 3/-1/-1->2->1 [7] 3/-1/-1->2->0 [8] 5/-1/-1->2->0 [9] -1/-1/-1->2->3 [10] 1/-1/-1->2->3 [11] 0/-1/-1->2->5
n192-025-219:252608:254107 [0] NCCL INFO Channel 06/12 :    0   1   2   3   4   5   6   7
n192-025-219:252615:254109 [7] NCCL INFO Ring 10 : 0 -> 7 -> 6
n192-025-219:252610:254110 [2] NCCL INFO P2P Chunksize set to 524288
n192-025-219:252608:254107 [0] NCCL INFO Channel 07/12 :    0   2   3   1   6   4   5   7
n192-025-219:252615:254109 [7] NCCL INFO Ring 11 : 4 -> 7 -> 5
n192-025-219:252608:254107 [0] NCCL INFO Channel 08/12 :    0   2   5   7   4   6   1   3
n192-025-219:252615:254109 [7] NCCL INFO Trees [0] -1/-1/-1->7->6 [1] -1/-1/-1->7->5 [2] 4/-1/-1->7->5 [3] 5/-1/-1->7->0 [4] 5/-1/-1->7->0 [5] 6/-1/-1->7->4 [6] -1/-1/-1->7->6 [7] -1/-1/-1->7->5 [8] 4/-1/-1->7->5 [9] 5/-1/-1->7->0 [10] 5/-1/-1->7->0 [11] 6/-1/-1->7->4
n192-025-219:252608:254107 [0] NCCL INFO Channel 09/12 :    0   7   5   4   6   1   3   2
n192-025-219:252615:254109 [7] NCCL INFO P2P Chunksize set to 524288
n192-025-219:252608:254107 [0] NCCL INFO Channel 10/12 :    0   7   6   5   4   3   2   1
n192-025-219:252608:254107 [0] NCCL INFO Channel 11/12 :    0   3   1   6   4   7   5   2
n192-025-219:252608:254107 [0] NCCL INFO Ring 00 : 7 -> 0 -> 1
n192-025-219:252608:254107 [0] NCCL INFO Ring 01 : 7 -> 0 -> 2
n192-025-219:252608:254107 [0] NCCL INFO Ring 02 : 3 -> 0 -> 2
n192-025-219:252608:254107 [0] NCCL INFO Ring 03 : 2 -> 0 -> 7
n192-025-219:252608:254107 [0] NCCL INFO Ring 04 : 1 -> 0 -> 7
n192-025-219:252608:254107 [0] NCCL INFO Ring 05 : 2 -> 0 -> 3
n192-025-219:252608:254107 [0] NCCL INFO Ring 06 : 7 -> 0 -> 1
n192-025-219:252608:254107 [0] NCCL INFO Ring 07 : 7 -> 0 -> 2
n192-025-219:252608:254107 [0] NCCL INFO Ring 08 : 3 -> 0 -> 2
n192-025-219:252608:254107 [0] NCCL INFO Ring 09 : 2 -> 0 -> 7
n192-025-219:252608:254107 [0] NCCL INFO Ring 10 : 1 -> 0 -> 7
n192-025-219:252608:254107 [0] NCCL INFO Ring 11 : 2 -> 0 -> 3
n192-025-219:252608:254107 [0] NCCL INFO Trees [0] 1/-1/-1->0->-1 [1] 2/-1/-1->0->-1 [2] 2/-1/-1->0->-1 [3] 7/-1/-1->0->-1 [4] 7/-1/-1->0->-1 [5] 3/-1/-1->0->2 [6] 1/-1/-1->0->-1 [7] 2/-1/-1->0->-1 [8] 2/-1/-1->0->-1 [9] 7/-1/-1->0->-1 [10] 7/-1/-1->0->-1 [11] 3/-1/-1->0->2
n192-025-219:252608:254107 [0] NCCL INFO P2P Chunksize set to 524288
n192-025-219:252608:254107 [0] NCCL INFO Channel 00/0 : 0[0] -> 1[1] via P2P/CUMEM
n192-025-219:252612:254113 [4] NCCL INFO Channel 00/0 : 4[4] -> 5[5] via P2P/CUMEM
n192-025-219:252608:254107 [0] NCCL INFO Channel 06/0 : 0[0] -> 1[1] via P2P/CUMEM
n192-025-219:252612:254113 [4] NCCL INFO Channel 01/0 : 4[4] -> 5[5] via P2P/CUMEM
n192-025-219:252612:254113 [4] NCCL INFO Channel 06/0 : 4[4] -> 5[5] via P2P/CUMEM
n192-025-219:252611:254108 [3] NCCL INFO Channel 00/0 : 3[3] -> 4[4] via P2P/CUMEM
n192-025-219:252610:254110 [2] NCCL INFO Channel 00/0 : 2[2] -> 3[3] via P2P/CUMEM
n192-025-219:252612:254113 [4] NCCL INFO Channel 07/0 : 4[4] -> 5[5] via P2P/CUMEM
n192-025-219:252614:254111 [6] NCCL INFO Channel 00/0 : 6[6] -> 7[7] via P2P/CUMEM
n192-025-219:252611:254108 [3] NCCL INFO Channel 06/0 : 3[3] -> 4[4] via P2P/CUMEM
n192-025-219:252610:254110 [2] NCCL INFO Channel 01/0 : 2[2] -> 3[3] via P2P/CUMEM
n192-025-219:252614:254111 [6] NCCL INFO Channel 06/0 : 6[6] -> 7[7] via P2P/CUMEM
n192-025-219:252609:254114 [1] NCCL INFO Channel 00/0 : 1[1] -> 2[2] via P2P/CUMEM
n192-025-219:252610:254110 [2] NCCL INFO Channel 06/0 : 2[2] -> 3[3] via P2P/CUMEM
n192-025-219:252615:254109 [7] NCCL INFO Channel 00/0 : 7[7] -> 0[0] via P2P/CUMEM
n192-025-219:252609:254114 [1] NCCL INFO Channel 06/0 : 1[1] -> 2[2] via P2P/CUMEM
n192-025-219:252610:254110 [2] NCCL INFO Channel 07/0 : 2[2] -> 3[3] via P2P/CUMEM
n192-025-219:252615:254109 [7] NCCL INFO Channel 01/0 : 7[7] -> 0[0] via P2P/CUMEM
n192-025-219:252615:254109 [7] NCCL INFO Channel 06/0 : 7[7] -> 0[0] via P2P/CUMEM
n192-025-219:252609:254114 [1] NCCL INFO Channel 02/0 : 1[1] -> 3[3] via P2P/CUMEM
n192-025-219:252615:254109 [7] NCCL INFO Channel 07/0 : 7[7] -> 0[0] via P2P/CUMEM
n192-025-219:252609:254114 [1] NCCL INFO Channel 03/0 : 1[1] -> 3[3] via P2P/CUMEM
n192-025-219:252608:254107 [0] NCCL INFO Channel 01/0 : 0[0] -> 2[2] via P2P/CUMEM
n192-025-219:252609:254114 [1] NCCL INFO Channel 08/0 : 1[1] -> 3[3] via P2P/CUMEM
n192-025-219:252608:254107 [0] NCCL INFO Channel 02/0 : 0[0] -> 2[2] via P2P/CUMEM
n192-025-219:252609:254114 [1] NCCL INFO Channel 09/0 : 1[1] -> 3[3] via P2P/CUMEM
n192-025-219:252613:254112 [5] NCCL INFO Channel 00/0 : 5[5] -> 6[6] via P2P/CUMEM
n192-025-219:252608:254107 [0] NCCL INFO Channel 07/0 : 0[0] -> 2[2] via P2P/CUMEM
n192-025-219:252613:254112 [5] NCCL INFO Channel 06/0 : 5[5] -> 6[6] via P2P/CUMEM
n192-025-219:252608:254107 [0] NCCL INFO Channel 08/0 : 0[0] -> 2[2] via P2P/CUMEM
n192-025-219:252610:254110 [2] NCCL INFO Channel 02/0 : 2[2] -> 5[5] via P2P/CUMEM
n192-025-219:252608:254107 [0] NCCL INFO Channel 05/0 : 0[0] -> 3[3] via P2P/CUMEM
n192-025-219:252612:254113 [4] NCCL INFO Channel 02/0 : 4[4] -> 6[6] via P2P/CUMEM
n192-025-219:252613:254112 [5] NCCL INFO Channel 01/0 : 5[5] -> 7[7] via P2P/CUMEM
n192-025-219:252610:254110 [2] NCCL INFO Channel 08/0 : 2[2] -> 5[5] via P2P/CUMEM
n192-025-219:252608:254107 [0] NCCL INFO Channel 11/0 : 0[0] -> 3[3] via P2P/CUMEM
n192-025-219:252612:254113 [4] NCCL INFO Channel 03/0 : 4[4] -> 6[6] via P2P/CUMEM
n192-025-219:252613:254112 [5] NCCL INFO Channel 02/0 : 5[5] -> 7[7] via P2P/CUMEM
n192-025-219:252612:254113 [4] NCCL INFO Channel 08/0 : 4[4] -> 6[6] via P2P/CUMEM
n192-025-219:252611:254108 [3] NCCL INFO Channel 02/0 : 3[3] -> 0[0] via P2P/CUMEM
n192-025-219:252613:254112 [5] NCCL INFO Channel 07/0 : 5[5] -> 7[7] via P2P/CUMEM
n192-025-219:252612:254113 [4] NCCL INFO Channel 09/0 : 4[4] -> 6[6] via P2P/CUMEM
n192-025-219:252611:254108 [3] NCCL INFO Channel 08/0 : 3[3] -> 0[0] via P2P/CUMEM
n192-025-219:252613:254112 [5] NCCL INFO Channel 08/0 : 5[5] -> 7[7] via P2P/CUMEM
n192-025-219:252611:254108 [3] NCCL INFO Channel 01/0 : 3[3] -> 1[1] via P2P/CUMEM
n192-025-219:252612:254113 [4] NCCL INFO Channel 05/0 : 4[4] -> 7[7] via P2P/CUMEM
n192-025-219:252614:254111 [6] NCCL INFO Channel 02/0 : 6[6] -> 1[1] via P2P/CUMEM
n192-025-219:252611:254108 [3] NCCL INFO Channel 05/0 : 3[3] -> 1[1] via P2P/CUMEM
n192-025-219:252612:254113 [4] NCCL INFO Channel 11/0 : 4[4] -> 7[7] via P2P/CUMEM
n192-025-219:252614:254111 [6] NCCL INFO Channel 03/0 : 6[6] -> 1[1] via P2P/CUMEM
n192-025-219:252611:254108 [3] NCCL INFO Channel 07/0 : 3[3] -> 1[1] via P2P/CUMEM
n192-025-219:252614:254111 [6] NCCL INFO Channel 08/0 : 6[6] -> 1[1] via P2P/CUMEM
n192-025-219:252615:254109 [7] NCCL INFO Channel 02/0 : 7[7] -> 4[4] via P2P/CUMEM
n192-025-219:252613:254112 [5] NCCL INFO Channel 05/0 : 5[5] -> 2[2] via P2P/CUMEM
n192-025-219:252611:254108 [3] NCCL INFO Channel 11/0 : 3[3] -> 1[1] via P2P/CUMEM
n192-025-219:252614:254111 [6] NCCL INFO Channel 09/0 : 6[6] -> 1[1] via P2P/CUMEM
n192-025-219:252615:254109 [7] NCCL INFO Channel 08/0 : 7[7] -> 4[4] via P2P/CUMEM
n192-025-219:252613:254112 [5] NCCL INFO Channel 11/0 : 5[5] -> 2[2] via P2P/CUMEM
n192-025-219:252609:254114 [1] NCCL INFO Channel 01/0 : 1[1] -> 6[6] via P2P/CUMEM
n192-025-219:252615:254109 [7] NCCL INFO Channel 03/0 : 7[7] -> 5[5] via P2P/CUMEM
n192-025-219:252610:254110 [2] NCCL INFO Channel 03/0 : 2[2] -> 0[0] via P2P/CUMEM
n192-025-219:252609:254114 [1] NCCL INFO Channel 05/0 : 1[1] -> 6[6] via P2P/CUMEM
n192-025-219:252615:254109 [7] NCCL INFO Channel 05/0 : 7[7] -> 5[5] via P2P/CUMEM
n192-025-219:252610:254110 [2] NCCL INFO Channel 05/0 : 2[2] -> 0[0] via P2P/CUMEM
n192-025-219:252609:254114 [1] NCCL INFO Channel 07/0 : 1[1] -> 6[6] via P2P/CUMEM
n192-025-219:252615:254109 [7] NCCL INFO Channel 09/0 : 7[7] -> 5[5] via P2P/CUMEM
n192-025-219:252610:254110 [2] NCCL INFO Channel 09/0 : 2[2] -> 0[0] via P2P/CUMEM
n192-025-219:252609:254114 [1] NCCL INFO Channel 11/0 : 1[1] -> 6[6] via P2P/CUMEM
n192-025-219:252615:254109 [7] NCCL INFO Channel 11/0 : 7[7] -> 5[5] via P2P/CUMEM
n192-025-219:252610:254110 [2] NCCL INFO Channel 11/0 : 2[2] -> 0[0] via P2P/CUMEM
n192-025-219:252614:254111 [6] NCCL INFO Channel 01/0 : 6[6] -> 4[4] via P2P/CUMEM
n192-025-219:252614:254111 [6] NCCL INFO Channel 05/0 : 6[6] -> 4[4] via P2P/CUMEM
n192-025-219:252614:254111 [6] NCCL INFO Channel 07/0 : 6[6] -> 4[4] via P2P/CUMEM
n192-025-219:252608:254107 [0] NCCL INFO Channel 03/0 : 0[0] -> 7[7] via P2P/CUMEM
n192-025-219:252614:254111 [6] NCCL INFO Channel 11/0 : 6[6] -> 4[4] via P2P/CUMEM
n192-025-219:252608:254107 [0] NCCL INFO Channel 04/0 : 0[0] -> 7[7] via P2P/CUMEM
n192-025-219:252610:254110 [2] NCCL INFO Channel 04/0 : 2[2] -> 1[1] via P2P/CUMEM
n192-025-219:252608:254107 [0] NCCL INFO Channel 09/0 : 0[0] -> 7[7] via P2P/CUMEM
n192-025-219:252610:254110 [2] NCCL INFO Channel 10/0 : 2[2] -> 1[1] via P2P/CUMEM
n192-025-219:252608:254107 [0] NCCL INFO Channel 10/0 : 0[0] -> 7[7] via P2P/CUMEM
n192-025-219:252614:254111 [6] NCCL INFO Channel 04/0 : 6[6] -> 5[5] via P2P/CUMEM
n192-025-219:252611:254108 [3] NCCL INFO Channel 03/0 : 3[3] -> 2[2] via P2P/CUMEM
n192-025-219:252609:254114 [1] NCCL INFO Channel 04/0 : 1[1] -> 0[0] via P2P/CUMEM
n192-025-219:252614:254111 [6] NCCL INFO Channel 10/0 : 6[6] -> 5[5] via P2P/CUMEM
n192-025-219:252611:254108 [3] NCCL INFO Channel 04/0 : 3[3] -> 2[2] via P2P/CUMEM
n192-025-219:252609:254114 [1] NCCL INFO Channel 10/0 : 1[1] -> 0[0] via P2P/CUMEM
n192-025-219:252612:254113 [4] NCCL INFO Channel 04/0 : 4[4] -> 3[3] via P2P/CUMEM
n192-025-219:252611:254108 [3] NCCL INFO Channel 09/0 : 3[3] -> 2[2] via P2P/CUMEM
n192-025-219:252612:254113 [4] NCCL INFO Channel 10/0 : 4[4] -> 3[3] via P2P/CUMEM
n192-025-219:252611:254108 [3] NCCL INFO Channel 10/0 : 3[3] -> 2[2] via P2P/CUMEM
n192-025-219:252613:254112 [5] NCCL INFO Channel 03/0 : 5[5] -> 4[4] via P2P/CUMEM
n192-025-219:252613:254112 [5] NCCL INFO Channel 04/0 : 5[5] -> 4[4] via P2P/CUMEM
n192-025-219:252613:254112 [5] NCCL INFO Channel 09/0 : 5[5] -> 4[4] via P2P/CUMEM
n192-025-219:252613:254112 [5] NCCL INFO Channel 10/0 : 5[5] -> 4[4] via P2P/CUMEM
n192-025-219:252615:254109 [7] NCCL INFO Channel 04/0 : 7[7] -> 6[6] via P2P/CUMEM
n192-025-219:252615:254109 [7] NCCL INFO Channel 10/0 : 7[7] -> 6[6] via P2P/CUMEM
n192-025-219:252613:254112 [5] NCCL INFO Connected all rings
n192-025-219:252615:254109 [7] NCCL INFO Connected all rings
n192-025-219:252614:254111 [6] NCCL INFO Connected all rings
n192-025-219:252608:254107 [0] NCCL INFO Connected all rings
n192-025-219:252610:254110 [2] NCCL INFO Connected all rings
n192-025-219:252609:254114 [1] NCCL INFO Connected all rings
n192-025-219:252612:254113 [4] NCCL INFO Connected all rings
n192-025-219:252609:254114 [1] NCCL INFO Channel 04/0 : 1[1] -> 2[2] via P2P/CUMEM
n192-025-219:252611:254108 [3] NCCL INFO Connected all rings
n192-025-219:252609:254114 [1] NCCL INFO Channel 10/0 : 1[1] -> 2[2] via P2P/CUMEM
n192-025-219:252614:254111 [6] NCCL INFO Channel 05/0 : 6[6] -> 7[7] via P2P/CUMEM
n192-025-219:252615:254109 [7] NCCL INFO Channel 03/0 : 7[7] -> 0[0] via P2P/CUMEM
n192-025-219:252612:254113 [4] NCCL INFO Channel 03/0 : 4[4] -> 5[5] via P2P/CUMEM
n192-025-219:252614:254111 [6] NCCL INFO Channel 11/0 : 6[6] -> 7[7] via P2P/CUMEM
n192-025-219:252615:254109 [7] NCCL INFO Channel 04/0 : 7[7] -> 0[0] via P2P/CUMEM
n192-025-219:252612:254113 [4] NCCL INFO Channel 04/0 : 4[4] -> 5[5] via P2P/CUMEM
n192-025-219:252613:254112 [5] NCCL INFO Channel 05/0 : 5[5] -> 6[6] via P2P/CUMEM
n192-025-219:252610:254110 [2] NCCL INFO Channel 03/0 : 2[2] -> 3[3] via P2P/CUMEM
n192-025-219:252615:254109 [7] NCCL INFO Channel 09/0 : 7[7] -> 0[0] via P2P/CUMEM
n192-025-219:252612:254113 [4] NCCL INFO Channel 09/0 : 4[4] -> 5[5] via P2P/CUMEM
n192-025-219:252611:254108 [3] NCCL INFO Channel 04/0 : 3[3] -> 4[4] via P2P/CUMEM
n192-025-219:252613:254112 [5] NCCL INFO Channel 11/0 : 5[5] -> 6[6] via P2P/CUMEM
n192-025-219:252612:254113 [4] NCCL INFO Channel 10/0 : 4[4] -> 5[5] via P2P/CUMEM
n192-025-219:252610:254110 [2] NCCL INFO Channel 04/0 : 2[2] -> 3[3] via P2P/CUMEM
n192-025-219:252615:254109 [7] NCCL INFO Channel 10/0 : 7[7] -> 0[0] via P2P/CUMEM
n192-025-219:252611:254108 [3] NCCL INFO Channel 10/0 : 3[3] -> 4[4] via P2P/CUMEM
n192-025-219:252610:254110 [2] NCCL INFO Channel 09/0 : 2[2] -> 3[3] via P2P/CUMEM
n192-025-219:252613:254112 [5] NCCL INFO Channel 03/0 : 5[5] -> 7[7] via P2P/CUMEM
n192-025-219:252608:254107 [0] NCCL INFO Channel 05/0 : 0[0] -> 2[2] via P2P/CUMEM
n192-025-219:252610:254110 [2] NCCL INFO Channel 10/0 : 2[2] -> 3[3] via P2P/CUMEM
n192-025-219:252612:254113 [4] NCCL INFO Channel 01/0 : 4[4] -> 6[6] via P2P/CUMEM
n192-025-219:252613:254112 [5] NCCL INFO Channel 04/0 : 5[5] -> 7[7] via P2P/CUMEM
n192-025-219:252608:254107 [0] NCCL INFO Channel 11/0 : 0[0] -> 2[2] via P2P/CUMEM
n192-025-219:252612:254113 [4] NCCL INFO Channel 07/0 : 4[4] -> 6[6] via P2P/CUMEM
n192-025-219:252613:254112 [5] NCCL INFO Channel 09/0 : 5[5] -> 7[7] via P2P/CUMEM
n192-025-219:252609:254114 [1] NCCL INFO Channel 01/0 : 1[1] -> 3[3] via P2P/CUMEM
n192-025-219:252614:254111 [6] NCCL INFO Channel 01/0 : 6[6] -> 1[1] via P2P/CUMEM
n192-025-219:252612:254113 [4] NCCL INFO Channel 02/0 : 4[4] -> 7[7] via P2P/CUMEM
n192-025-219:252613:254112 [5] NCCL INFO Channel 10/0 : 5[5] -> 7[7] via P2P/CUMEM
n192-025-219:252609:254114 [1] NCCL INFO Channel 05/0 : 1[1] -> 3[3] via P2P/CUMEM
n192-025-219:252614:254111 [6] NCCL INFO Channel 04/0 : 6[6] -> 1[1] via P2P/CUMEM
n192-025-219:252612:254113 [4] NCCL INFO Channel 08/0 : 4[4] -> 7[7] via P2P/CUMEM
n192-025-219:252609:254114 [1] NCCL INFO Channel 07/0 : 1[1] -> 3[3] via P2P/CUMEM
n192-025-219:252610:254110 [2] NCCL INFO Channel 05/0 : 2[2] -> 5[5] via P2P/CUMEM
n192-025-219:252614:254111 [6] NCCL INFO Channel 07/0 : 6[6] -> 1[1] via P2P/CUMEM
n192-025-219:252609:254114 [1] NCCL INFO Channel 11/0 : 1[1] -> 3[3] via P2P/CUMEM
n192-025-219:252610:254110 [2] NCCL INFO Channel 11/0 : 2[2] -> 5[5] via P2P/CUMEM
n192-025-219:252614:254111 [6] NCCL INFO Channel 10/0 : 6[6] -> 1[1] via P2P/CUMEM
n192-025-219:252611:254108 [3] NCCL INFO Channel 05/0 : 3[3] -> 0[0] via P2P/CUMEM
n192-025-219:252613:254112 [5] NCCL INFO Channel 02/0 : 5[5] -> 2[2] via P2P/CUMEM
n192-025-219:252611:254108 [3] NCCL INFO Channel 11/0 : 3[3] -> 0[0] via P2P/CUMEM
n192-025-219:252615:254109 [7] NCCL INFO Channel 05/0 : 7[7] -> 4[4] via P2P/CUMEM
n192-025-219:252613:254112 [5] NCCL INFO Channel 08/0 : 5[5] -> 2[2] via P2P/CUMEM
n192-025-219:252615:254109 [7] NCCL INFO Channel 11/0 : 7[7] -> 4[4] via P2P/CUMEM
n192-025-219:252610:254110 [2] NCCL INFO Channel 01/0 : 2[2] -> 0[0] via P2P/CUMEM
n192-025-219:252615:254109 [7] NCCL INFO Channel 01/0 : 7[7] -> 5[5] via P2P/CUMEM
n192-025-219:252611:254108 [3] NCCL INFO Channel 02/0 : 3[3] -> 1[1] via P2P/CUMEM
n192-025-219:252609:254114 [1] NCCL INFO Channel 02/0 : 1[1] -> 6[6] via P2P/CUMEM
n192-025-219:252610:254110 [2] NCCL INFO Channel 02/0 : 2[2] -> 0[0] via P2P/CUMEM
n192-025-219:252615:254109 [7] NCCL INFO Channel 02/0 : 7[7] -> 5[5] via P2P/CUMEM
n192-025-219:252609:254114 [1] NCCL INFO Channel 03/0 : 1[1] -> 6[6] via P2P/CUMEM
n192-025-219:252610:254110 [2] NCCL INFO Channel 07/0 : 2[2] -> 0[0] via P2P/CUMEM
n192-025-219:252609:254114 [1] NCCL INFO Channel 04/0 : 1[1] -> 6[6] via P2P/CUMEM
n192-025-219:252615:254109 [7] NCCL INFO Channel 04/0 : 7[7] -> 5[5] via P2P/CUMEM
n192-025-219:252610:254110 [2] NCCL INFO Channel 08/0 : 2[2] -> 0[0] via P2P/CUMEM
n192-025-219:252611:254108 [3] NCCL INFO Channel 03/0 : 3[3] -> 1[1] via P2P/CUMEM
n192-025-219:252609:254114 [1] NCCL INFO Channel 08/0 : 1[1] -> 6[6] via P2P/CUMEM
n192-025-219:252615:254109 [7] NCCL INFO Channel 07/0 : 7[7] -> 5[5] via P2P/CUMEM
n192-025-219:252611:254108 [3] NCCL INFO Channel 08/0 : 3[3] -> 1[1] via P2P/CUMEM
n192-025-219:252609:254114 [1] NCCL INFO Channel 09/0 : 1[1] -> 6[6] via P2P/CUMEM
n192-025-219:252615:254109 [7] NCCL INFO Channel 08/0 : 7[7] -> 5[5] via P2P/CUMEM
n192-025-219:252611:254108 [3] NCCL INFO Channel 09/0 : 3[3] -> 1[1] via P2P/CUMEM
n192-025-219:252609:254114 [1] NCCL INFO Channel 10/0 : 1[1] -> 6[6] via P2P/CUMEM
n192-025-219:252615:254109 [7] NCCL INFO Channel 10/0 : 7[7] -> 5[5] via P2P/CUMEM
n192-025-219:252615:254109 [7] NCCL INFO Channel 00/0 : 7[7] -> 6[6] via P2P/CUMEM
n192-025-219:252614:254111 [6] NCCL INFO Channel 02/0 : 6[6] -> 4[4] via P2P/CUMEM
n192-025-219:252615:254109 [7] NCCL INFO Channel 05/0 : 7[7] -> 6[6] via P2P/CUMEM
n192-025-219:252610:254110 [2] NCCL INFO Channel 00/0 : 2[2] -> 1[1] via P2P/CUMEM
n192-025-219:252614:254111 [6] NCCL INFO Channel 03/0 : 6[6] -> 4[4] via P2P/CUMEM
n192-025-219:252615:254109 [7] NCCL INFO Channel 06/0 : 7[7] -> 6[6] via P2P/CUMEM
n192-025-219:252610:254110 [2] NCCL INFO Channel 06/0 : 2[2] -> 1[1] via P2P/CUMEM
n192-025-219:252614:254111 [6] NCCL INFO Channel 08/0 : 6[6] -> 4[4] via P2P/CUMEM
n192-025-219:252615:254109 [7] NCCL INFO Channel 11/0 : 7[7] -> 6[6] via P2P/CUMEM
n192-025-219:252613:254112 [5] NCCL INFO Channel 00/0 : 5[5] -> 4[4] via P2P/CUMEM
n192-025-219:252613:254112 [5] NCCL INFO Channel 01/0 : 5[5] -> 4[4] via P2P/CUMEM
n192-025-219:252614:254111 [6] NCCL INFO Channel 09/0 : 6[6] -> 4[4] via P2P/CUMEM
n192-025-219:252613:254112 [5] NCCL INFO Channel 06/0 : 5[5] -> 4[4] via P2P/CUMEM
n192-025-219:252613:254112 [5] NCCL INFO Channel 07/0 : 5[5] -> 4[4] via P2P/CUMEM
n192-025-219:252609:254114 [1] NCCL INFO Channel 00/0 : 1[1] -> 0[0] via P2P/CUMEM
n192-025-219:252611:254108 [3] NCCL INFO Channel 00/0 : 3[3] -> 2[2] via P2P/CUMEM
n192-025-219:252609:254114 [1] NCCL INFO Channel 06/0 : 1[1] -> 0[0] via P2P/CUMEM
n192-025-219:252611:254108 [3] NCCL INFO Channel 01/0 : 3[3] -> 2[2] via P2P/CUMEM
n192-025-219:252612:254113 [4] NCCL INFO Channel 00/0 : 4[4] -> 3[3] via P2P/CUMEM
n192-025-219:252614:254111 [6] NCCL INFO Channel 00/0 : 6[6] -> 5[5] via P2P/CUMEM
n192-025-219:252611:254108 [3] NCCL INFO Channel 06/0 : 3[3] -> 2[2] via P2P/CUMEM
n192-025-219:252612:254113 [4] NCCL INFO Channel 06/0 : 4[4] -> 3[3] via P2P/CUMEM
n192-025-219:252614:254111 [6] NCCL INFO Channel 05/0 : 6[6] -> 5[5] via P2P/CUMEM
n192-025-219:252611:254108 [3] NCCL INFO Channel 07/0 : 3[3] -> 2[2] via P2P/CUMEM
n192-025-219:252614:254111 [6] NCCL INFO Channel 06/0 : 6[6] -> 5[5] via P2P/CUMEM
n192-025-219:252614:254111 [6] NCCL INFO Channel 11/0 : 6[6] -> 5[5] via P2P/CUMEM
n192-025-219:252615:254109 [7] NCCL INFO Connected all trees
n192-025-219:252612:254113 [4] NCCL INFO Connected all trees
n192-025-219:252609:254114 [1] NCCL INFO Connected all trees
n192-025-219:252608:254107 [0] NCCL INFO Connected all trees
n192-025-219:252615:254109 [7] NCCL INFO threadThresholds 8/8/64 | 64/8/64 | 512 | 512
n192-025-219:252612:254113 [4] NCCL INFO threadThresholds 8/8/64 | 64/8/64 | 512 | 512
n192-025-219:252609:254114 [1] NCCL INFO threadThresholds 8/8/64 | 64/8/64 | 512 | 512
n192-025-219:252615:254109 [7] NCCL INFO 12 coll channels, 0 nvls channels, 16 p2p channels, 2 p2p channels per peer
n192-025-219:252612:254113 [4] NCCL INFO 12 coll channels, 0 nvls channels, 16 p2p channels, 2 p2p channels per peer
n192-025-219:252609:254114 [1] NCCL INFO 12 coll channels, 0 nvls channels, 16 p2p channels, 2 p2p channels per peer
n192-025-219:252615:254109 [7] NCCL INFO Channel 04/1 : 7[7] -> 1[1] via P2P/indirect/6[6]
n192-025-219:252611:254108 [3] NCCL INFO Connected all trees
n192-025-219:252614:254111 [6] NCCL INFO Connected all trees
n192-025-219:252610:254110 [2] NCCL INFO Connected all trees
n192-025-219:252608:254107 [0] NCCL INFO threadThresholds 8/8/64 | 64/8/64 | 512 | 512
n192-025-219:252611:254108 [3] NCCL INFO threadThresholds 8/8/64 | 64/8/64 | 512 | 512
n192-025-219:252613:254112 [5] NCCL INFO Connected all trees
n192-025-219:252614:254111 [6] NCCL INFO threadThresholds 8/8/64 | 64/8/64 | 512 | 512
n192-025-219:252608:254107 [0] NCCL INFO 12 coll channels, 0 nvls channels, 16 p2p channels, 2 p2p channels per peer
n192-025-219:252613:254112 [5] NCCL INFO threadThresholds 8/8/64 | 64/8/64 | 512 | 512
n192-025-219:252611:254108 [3] NCCL INFO 12 coll channels, 0 nvls channels, 16 p2p channels, 2 p2p channels per peer
n192-025-219:252610:254110 [2] NCCL INFO threadThresholds 8/8/64 | 64/8/64 | 512 | 512
n192-025-219:252614:254111 [6] NCCL INFO 12 coll channels, 0 nvls channels, 16 p2p channels, 2 p2p channels per peer
n192-025-219:252613:254112 [5] NCCL INFO 12 coll channels, 0 nvls channels, 16 p2p channels, 2 p2p channels per peer
n192-025-219:252610:254110 [2] NCCL INFO 12 coll channels, 0 nvls channels, 16 p2p channels, 2 p2p channels per peer
n192-025-219:252611:254108 [3] NCCL INFO Channel 04/1 : 3[3] -> 5[5] via P2P/indirect/4[4]
n192-025-219:252614:254111 [6] NCCL INFO Channel 04/1 : 6[6] -> 0[0] via P2P/indirect/7[7]
n192-025-219:252610:254110 [2] NCCL INFO Channel 04/1 : 2[2] -> 4[4] via P2P/indirect/5[5]
n192-025-219:252611:254108 [3] NCCL INFO Channel 05/1 : 3[3] -> 5[5] via P2P/indirect/4[4]
n192-025-219:252610:254110 [2] NCCL INFO Channel 05/1 : 2[2] -> 4[4] via P2P/indirect/5[5]
n192-025-219:252614:254111 [6] NCCL INFO Channel 05/1 : 6[6] -> 0[0] via P2P/indirect/7[7]
n192-025-219:252615:254109 [7] NCCL INFO Channel 05/1 : 7[7] -> 1[1] via P2P/indirect/6[6]
n192-025-219:252611:254108 [3] NCCL INFO Channel 12/1 : 3[3] -> 6[6] via P2P/indirect/1[1]
n192-025-219:252613:254112 [5] NCCL INFO Channel 12/1 : 5[5] -> 0[0] via P2P/indirect/7[7]
n192-025-219:252615:254109 [7] NCCL INFO Channel 12/1 : 7[7] -> 2[2] via P2P/indirect/0[0]
n192-025-219:252609:254114 [1] NCCL INFO Channel 12/1 : 1[1] -> 4[4] via P2P/indirect/6[6]
n192-025-219:252611:254108 [3] NCCL INFO Channel 13/1 : 3[3] -> 6[6] via P2P/indirect/1[1]
n192-025-219:252613:254112 [5] NCCL INFO Channel 13/1 : 5[5] -> 0[0] via P2P/indirect/7[7]
n192-025-219:252615:254109 [7] NCCL INFO Channel 13/1 : 7[7] -> 2[2] via P2P/indirect/0[0]
n192-025-219:252609:254114 [1] NCCL INFO Channel 13/1 : 1[1] -> 4[4] via P2P/indirect/6[6]
n192-025-219:252610:254110 [2] NCCL INFO Channel 02/1 : 2[2] -> 6[6] via P2P/indirect/1[1]
n192-025-219:252612:254113 [4] NCCL INFO Channel 02/1 : 4[4] -> 0[0] via P2P/indirect/7[7]
n192-025-219:252608:254107 [0] NCCL INFO Channel 02/1 : 0[0] -> 4[4] via P2P/indirect/3[3]
n192-025-219:252614:254111 [6] NCCL INFO Channel 02/1 : 6[6] -> 2[2] via P2P/indirect/5[5]
n192-025-219:252609:254114 [1] NCCL INFO Channel 02/1 : 1[1] -> 5[5] via P2P/indirect/6[6]
n192-025-219:252610:254110 [2] NCCL INFO Channel 03/1 : 2[2] -> 6[6] via P2P/indirect/1[1]
n192-025-219:252612:254113 [4] NCCL INFO Channel 03/1 : 4[4] -> 0[0] via P2P/indirect/7[7]
n192-025-219:252615:254109 [7] NCCL INFO Channel 02/1 : 7[7] -> 3[3] via P2P/indirect/0[0]
n192-025-219:252614:254111 [6] NCCL INFO Channel 03/1 : 6[6] -> 2[2] via P2P/indirect/5[5]
n192-025-219:252608:254107 [0] NCCL INFO Channel 03/1 : 0[0] -> 4[4] via P2P/indirect/3[3]
n192-025-219:252613:254112 [5] NCCL INFO Channel 02/1 : 5[5] -> 1[1] via P2P/indirect/6[6]
n192-025-219:252611:254108 [3] NCCL INFO Channel 02/1 : 3[3] -> 7[7] via P2P/indirect/0[0]
n192-025-219:252609:254114 [1] NCCL INFO Channel 03/1 : 1[1] -> 5[5] via P2P/indirect/6[6]
n192-025-219:252615:254109 [7] NCCL INFO Channel 03/1 : 7[7] -> 3[3] via P2P/indirect/0[0]
n192-025-219:252612:254113 [4] NCCL INFO Channel 10/1 : 4[4] -> 1[1] via P2P/indirect/6[6]
n192-025-219:252608:254107 [0] NCCL INFO Channel 10/1 : 0[0] -> 5[5] via P2P/indirect/7[7]
n192-025-219:252613:254112 [5] NCCL INFO Channel 03/1 : 5[5] -> 1[1] via P2P/indirect/6[6]
n192-025-219:252610:254110 [2] NCCL INFO Channel 10/1 : 2[2] -> 7[7] via P2P/indirect/0[0]
n192-025-219:252614:254111 [6] NCCL INFO Channel 10/1 : 6[6] -> 3[3] via P2P/indirect/1[1]
n192-025-219:252611:254108 [3] NCCL INFO Channel 03/1 : 3[3] -> 7[7] via P2P/indirect/0[0]
n192-025-219:252614:254111 [6] NCCL INFO Channel 11/1 : 6[6] -> 3[3] via P2P/indirect/1[1]
n192-025-219:252608:254107 [0] NCCL INFO Channel 11/1 : 0[0] -> 5[5] via P2P/indirect/7[7]
n192-025-219:252610:254110 [2] NCCL INFO Channel 11/1 : 2[2] -> 7[7] via P2P/indirect/0[0]
n192-025-219:252612:254113 [4] NCCL INFO Channel 11/1 : 4[4] -> 1[1] via P2P/indirect/6[6]
n192-025-219:252608:254107 [0] NCCL INFO Channel 06/1 : 0[0] -> 6[6] via P2P/indirect/1[1]
n192-025-219:252613:254112 [5] NCCL INFO Channel 06/1 : 5[5] -> 3[3] via P2P/indirect/2[2]
n192-025-219:252612:254113 [4] NCCL INFO Channel 06/1 : 4[4] -> 2[2] via P2P/indirect/3[3]
n192-025-219:252609:254114 [1] NCCL INFO Channel 06/1 : 1[1] -> 7[7] via P2P/indirect/0[0]
n192-025-219:252612:254113 [4] NCCL INFO Channel 07/1 : 4[4] -> 2[2] via P2P/indirect/3[3]
n192-025-219:252609:254114 [1] NCCL INFO Channel 07/1 : 1[1] -> 7[7] via P2P/indirect/0[0]
n192-025-219:252613:254112 [5] NCCL INFO Channel 07/1 : 5[5] -> 3[3] via P2P/indirect/2[2]
n192-025-219:252608:254107 [0] NCCL INFO Channel 07/1 : 0[0] -> 6[6] via P2P/indirect/1[1]
n192-025-219:252612:254113 [4] NCCL INFO comm 0x5d780fd0 rank 4 nranks 8 cudaDev 4 nvmlDev 4 busId 88000 commId 0xb50b59afd8018cf7 - Init COMPLETE
n192-025-219:252610:254110 [2] NCCL INFO comm 0x124ff180 rank 2 nranks 8 cudaDev 2 nvmlDev 2 busId 3d000 commId 0xb50b59afd8018cf7 - Init COMPLETE
n192-025-219:252608:254107 [0] NCCL INFO comm 0xb5f56600 rank 0 nranks 8 cudaDev 0 nvmlDev 0 busId 1a000 commId 0xb50b59afd8018cf7 - Init COMPLETE
n192-025-219:252611:254108 [3] NCCL INFO comm 0x13476ab0 rank 3 nranks 8 cudaDev 3 nvmlDev 3 busId 3e000 commId 0xb50b59afd8018cf7 - Init COMPLETE
n192-025-219:252614:254111 [6] NCCL INFO comm 0x38a32a00 rank 6 nranks 8 cudaDev 6 nvmlDev 6 busId b1000 commId 0xb50b59afd8018cf7 - Init COMPLETE
n192-025-219:252615:254109 [7] NCCL INFO comm 0x1e546d30 rank 7 nranks 8 cudaDev 7 nvmlDev 7 busId b2000 commId 0xb50b59afd8018cf7 - Init COMPLETE
n192-025-219:252613:254112 [5] NCCL INFO comm 0x9cf2d700 rank 5 nranks 8 cudaDev 5 nvmlDev 5 busId 89000 commId 0xb50b59afd8018cf7 - Init COMPLETE
n192-025-219:252609:254114 [1] NCCL INFO comm 0x13c12910 rank 1 nranks 8 cudaDev 1 nvmlDev 1 busId 1b000 commId 0xb50b59afd8018cf7 - Init COMPLETE
                                                {'loss': 8.3615, 'grad_norm': 3.1613094806671143, 'learning_rate': 1.9649122807017544e-05, 'epoch': 0.18}
  6%|▌         | 10/171 [00:14<03:32,  1.32s/it]
  0%|          | 0/2 [00:00<?, ?it/s][A
100%|██████████| 2/2 [00:00<00:00,  6.65it/s][A                                                
                                             [A{'eval_loss': 8.2925443649292, 'eval_runtime': 0.7181, 'eval_samples_per_second': 139.261, 'eval_steps_per_second': 2.785, 'epoch': 0.18}
  6%|▌         | 10/171 [00:14<03:32,  1.32s/it]
100%|██████████| 2/2 [00:00<00:00,  6.65it/s][A
                                             [A  6%|▋         | 11/171 [00:32<17:53,  6.71s/it]  7%|▋         | 12/171 [00:33<13:25,  5.07s/it]  8%|▊         | 13/171 [00:35<10:22,  3.94s/it]  8%|▊         | 14/171 [00:36<08:14,  3.15s/it]  9%|▉         | 15/171 [00:37<06:45,  2.60s/it]  9%|▉         | 16/171 [00:38<05:42,  2.21s/it] 10%|▉         | 17/171 [00:40<04:58,  1.94s/it] 11%|█         | 18/171 [00:41<04:26,  1.74s/it] 11%|█         | 19/171 [00:42<04:05,  1.62s/it] 12%|█▏        | 20/171 [00:44<03:50,  1.53s/it]                                                {'loss': 7.7718, 'grad_norm': 80.49713134765625, 'learning_rate': 1.871345029239766e-05, 'epoch': 0.35}
 12%|█▏        | 20/171 [00:44<03:50,  1.53s/it]
  0%|          | 0/2 [00:00<?, ?it/s][A
100%|██████████| 2/2 [00:00<00:00,  6.07it/s][A                                                
                                             [A{'eval_loss': 7.6415205001831055, 'eval_runtime': 0.6979, 'eval_samples_per_second': 143.287, 'eval_steps_per_second': 2.866, 'epoch': 0.35}
 12%|█▏        | 20/171 [00:44<03:50,  1.53s/it]
100%|██████████| 2/2 [00:00<00:00,  6.07it/s][A
                                             [A 12%|█▏        | 21/171 [01:00<14:45,  5.91s/it] 13%|█▎        | 22/171 [01:01<11:15,  4.53s/it] 13%|█▎        | 23/171 [01:02<08:48,  3.57s/it] 14%|█▍        | 24/171 [01:04<07:08,  2.91s/it] 15%|█▍        | 25/171 [01:05<05:56,  2.44s/it] 15%|█▌        | 26/171 [01:07<05:05,  2.11s/it] 16%|█▌        | 27/171 [01:08<04:29,  1.87s/it] 16%|█▋        | 28/171 [01:09<04:02,  1.69s/it] 17%|█▋        | 29/171 [01:10<03:42,  1.57s/it] 18%|█▊        | 30/171 [01:12<03:29,  1.49s/it]                                                {'loss': 7.9315, 'grad_norm': 6.742321014404297, 'learning_rate': 1.754385964912281e-05, 'epoch': 0.53}
 18%|█▊        | 30/171 [01:12<03:29,  1.49s/it]
  0%|          | 0/2 [00:00<?, ?it/s][A
100%|██████████| 2/2 [00:00<00:00,  6.05it/s][A                                                
                                             [A{'eval_loss': 8.076379776000977, 'eval_runtime': 0.7009, 'eval_samples_per_second': 142.674, 'eval_steps_per_second': 2.853, 'epoch': 0.53}
 18%|█▊        | 30/171 [01:12<03:29,  1.49s/it]
100%|██████████| 2/2 [00:00<00:00,  6.05it/s][A
                                             [A 18%|█▊        | 31/171 [01:28<13:35,  5.83s/it] 19%|█▊        | 32/171 [01:29<10:23,  4.48s/it] 19%|█▉        | 33/171 [01:30<08:06,  3.53s/it] 20%|█▉        | 34/171 [01:32<06:32,  2.87s/it] 20%|██        | 35/171 [01:33<05:27,  2.41s/it] 21%|██        | 36/171 [01:34<04:41,  2.09s/it] 22%|██▏       | 37/171 [01:36<04:08,  1.86s/it] 22%|██▏       | 38/171 [01:37<03:46,  1.70s/it] 23%|██▎       | 39/171 [01:38<03:29,  1.58s/it] 23%|██▎       | 40/171 [01:40<03:18,  1.51s/it]                                                {'loss': 7.4962, 'grad_norm': 10.689282417297363, 'learning_rate': 1.6374269005847955e-05, 'epoch': 0.7}
 23%|██▎       | 40/171 [01:40<03:18,  1.51s/it]
  0%|          | 0/2 [00:00<?, ?it/s][A
100%|██████████| 2/2 [00:00<00:00,  6.03it/s][A                                                
                                             [A{'eval_loss': 6.719811916351318, 'eval_runtime': 0.7049, 'eval_samples_per_second': 141.864, 'eval_steps_per_second': 2.837, 'epoch': 0.7}
 23%|██▎       | 40/171 [01:40<03:18,  1.51s/it]
100%|██████████| 2/2 [00:00<00:00,  6.03it/s][A
                                             [A 24%|██▍       | 41/171 [01:55<12:30,  5.77s/it] 25%|██▍       | 42/171 [01:57<09:32,  4.44s/it] 25%|██▌       | 43/171 [01:58<07:27,  3.50s/it] 26%|██▌       | 44/171 [01:59<06:01,  2.85s/it] 26%|██▋       | 45/171 [02:01<05:00,  2.39s/it] 27%|██▋       | 46/171 [02:02<04:18,  2.06s/it] 27%|██▋       | 47/171 [02:03<03:49,  1.85s/it] 28%|██▊       | 48/171 [02:05<03:28,  1.69s/it] 29%|██▊       | 49/171 [02:06<03:12,  1.58s/it] 29%|██▉       | 50/171 [02:07<03:01,  1.50s/it]                                                {'loss': 4.9413, 'grad_norm': 7.938687801361084, 'learning_rate': 1.52046783625731e-05, 'epoch': 0.88}
 29%|██▉       | 50/171 [02:07<03:01,  1.50s/it]
  0%|          | 0/2 [00:00<?, ?it/s][A
100%|██████████| 2/2 [00:00<00:00,  6.02it/s][A                                                
                                             [A{'eval_loss': 4.4933624267578125, 'eval_runtime': 0.7004, 'eval_samples_per_second': 142.77, 'eval_steps_per_second': 2.855, 'epoch': 0.88}
 29%|██▉       | 50/171 [02:08<03:01,  1.50s/it]
100%|██████████| 2/2 [00:00<00:00,  6.02it/s][A
                                             [A 30%|██▉       | 51/171 [02:23<11:27,  5.73s/it] 30%|███       | 52/171 [02:24<08:44,  4.41s/it] 31%|███       | 53/171 [02:25<06:51,  3.48s/it] 32%|███▏      | 54/171 [02:27<05:31,  2.84s/it] 32%|███▏      | 55/171 [02:28<04:37,  2.39s/it] 33%|███▎      | 56/171 [02:29<03:58,  2.07s/it] 33%|███▎      | 57/171 [02:31<03:30,  1.85s/it] 34%|███▍      | 58/171 [02:31<02:31,  1.34s/it] 35%|███▍      | 59/171 [02:32<02:28,  1.33s/it] 35%|███▌      | 60/171 [02:34<02:26,  1.32s/it]                                                {'loss': 3.735, 'grad_norm': 4.758145332336426, 'learning_rate': 1.4152046783625733e-05, 'epoch': 1.04}
 35%|███▌      | 60/171 [02:34<02:26,  1.32s/it]
  0%|          | 0/2 [00:00<?, ?it/s][A
100%|██████████| 2/2 [00:00<00:00,  6.05it/s][A                                                
                                             [A{'eval_loss': 4.229299545288086, 'eval_runtime': 0.6989, 'eval_samples_per_second': 143.081, 'eval_steps_per_second': 2.862, 'epoch': 1.04}
 35%|███▌      | 60/171 [02:34<02:26,  1.32s/it]
100%|██████████| 2/2 [00:00<00:00,  6.05it/s][A
                                             [A 36%|███▌      | 61/171 [02:49<10:26,  5.69s/it] 36%|███▋      | 62/171 [02:51<07:58,  4.39s/it] 37%|███▋      | 63/171 [02:52<06:15,  3.47s/it] 37%|███▋      | 64/171 [02:53<05:03,  2.83s/it] 38%|███▊      | 65/171 [02:55<04:11,  2.37s/it] 39%|███▊      | 66/171 [02:56<03:36,  2.06s/it] 39%|███▉      | 67/171 [02:57<03:12,  1.85s/it] 40%|███▉      | 68/171 [02:59<02:55,  1.70s/it] 40%|████      | 69/171 [03:00<02:41,  1.58s/it] 41%|████      | 70/171 [03:01<02:30,  1.49s/it]                                                {'loss': 3.6341, 'grad_norm': 2.7506625652313232, 'learning_rate': 1.2982456140350879e-05, 'epoch': 1.21}
 41%|████      | 70/171 [03:01<02:30,  1.49s/it]
  0%|          | 0/2 [00:00<?, ?it/s][A
100%|██████████| 2/2 [00:00<00:00,  6.05it/s][A                                                
                                             [A{'eval_loss': 3.830705165863037, 'eval_runtime': 0.7001, 'eval_samples_per_second': 142.836, 'eval_steps_per_second': 2.857, 'epoch': 1.21}
 41%|████      | 70/171 [03:02<02:30,  1.49s/it]
100%|██████████| 2/2 [00:00<00:00,  6.05it/s][A
                                             [A 42%|████▏     | 71/171 [03:21<11:28,  6.89s/it] 42%|████▏     | 72/171 [03:22<08:36,  5.22s/it] 43%|████▎     | 73/171 [03:24<06:38,  4.06s/it] 43%|████▎     | 74/171 [03:25<05:15,  3.25s/it] 44%|████▍     | 75/171 [03:26<04:15,  2.66s/it] 44%|████▍     | 76/171 [03:28<03:34,  2.26s/it] 45%|████▌     | 77/171 [03:29<03:06,  1.98s/it] 46%|████▌     | 78/171 [03:30<02:46,  1.79s/it] 46%|████▌     | 79/171 [03:32<02:31,  1.64s/it] 47%|████▋     | 80/171 [03:33<02:20,  1.54s/it]                                                {'loss': 3.3316, 'grad_norm': 4.425662517547607, 'learning_rate': 1.1812865497076024e-05, 'epoch': 1.39}
 47%|████▋     | 80/171 [03:33<02:20,  1.54s/it]
  0%|          | 0/2 [00:00<?, ?it/s][A
100%|██████████| 2/2 [00:00<00:00,  6.03it/s][A                                                
                                             [A{'eval_loss': 3.653214931488037, 'eval_runtime': 0.6998, 'eval_samples_per_second': 142.903, 'eval_steps_per_second': 2.858, 'epoch': 1.39}
 47%|████▋     | 80/171 [03:34<02:20,  1.54s/it]
100%|██████████| 2/2 [00:00<00:00,  6.03it/s][A
                                             [A 47%|████▋     | 81/171 [03:49<08:45,  5.84s/it] 48%|████▊     | 82/171 [03:50<06:39,  4.49s/it] 49%|████▊     | 83/171 [03:51<05:10,  3.52s/it] 49%|████▉     | 84/171 [03:53<04:08,  2.86s/it] 50%|████▉     | 85/171 [03:54<03:25,  2.39s/it] 50%|█████     | 86/171 [03:55<02:54,  2.06s/it] 51%|█████     | 87/171 [03:56<02:34,  1.84s/it] 51%|█████▏    | 88/171 [03:58<02:19,  1.69s/it] 52%|█████▏    | 89/171 [03:59<02:09,  1.58s/it] 53%|█████▎    | 90/171 [04:00<02:02,  1.51s/it]                                                {'loss': 3.0811, 'grad_norm': 1.7798056602478027, 'learning_rate': 1.0643274853801172e-05, 'epoch': 1.56}
 53%|█████▎    | 90/171 [04:00<02:02,  1.51s/it]
  0%|          | 0/2 [00:00<?, ?it/s][A
100%|██████████| 2/2 [00:00<00:00,  6.02it/s][A                                                
                                             [A{'eval_loss': 3.404036521911621, 'eval_runtime': 0.7018, 'eval_samples_per_second': 142.487, 'eval_steps_per_second': 2.85, 'epoch': 1.56}
 53%|█████▎    | 90/171 [04:01<02:02,  1.51s/it]
100%|██████████| 2/2 [00:00<00:00,  6.02it/s][A
                                             [A 53%|█████▎    | 91/171 [04:16<07:43,  5.79s/it] 54%|█████▍    | 92/171 [04:18<05:52,  4.46s/it] 54%|█████▍    | 93/171 [04:19<04:35,  3.53s/it] 55%|█████▍    | 94/171 [04:20<03:41,  2.87s/it] 56%|█████▌    | 95/171 [04:22<03:03,  2.41s/it] 56%|█████▌    | 96/171 [04:23<02:36,  2.09s/it] 57%|█████▋    | 97/171 [04:24<02:17,  1.86s/it] 57%|█████▋    | 98/171 [04:26<02:04,  1.71s/it] 58%|█████▊    | 99/171 [04:27<01:55,  1.60s/it] 58%|█████▊    | 100/171 [04:28<01:48,  1.52s/it]                                                 {'loss': 2.8901, 'grad_norm': 3.2609429359436035, 'learning_rate': 9.473684210526315e-06, 'epoch': 1.74}
 58%|█████▊    | 100/171 [04:28<01:48,  1.52s/it]
  0%|          | 0/2 [00:00<?, ?it/s][A
100%|██████████| 2/2 [00:00<00:00,  6.04it/s][A                                                 
                                             [A{'eval_loss': 3.3030405044555664, 'eval_runtime': 0.7009, 'eval_samples_per_second': 142.67, 'eval_steps_per_second': 2.853, 'epoch': 1.74}
 58%|█████▊    | 100/171 [04:29<01:48,  1.52s/it]
100%|██████████| 2/2 [00:00<00:00,  6.04it/s][A
                                             [A 59%|█████▉    | 101/171 [04:45<06:53,  5.90s/it] 60%|█████▉    | 102/171 [04:46<05:13,  4.54s/it] 60%|██████    | 103/171 [04:47<04:02,  3.57s/it] 61%|██████    | 104/171 [04:48<03:13,  2.89s/it] 61%|██████▏   | 105/171 [04:50<02:38,  2.40s/it] 62%|██████▏   | 106/171 [04:51<02:15,  2.08s/it] 63%|██████▎   | 107/171 [04:52<01:58,  1.85s/it] 63%|██████▎   | 108/171 [04:54<01:46,  1.69s/it] 64%|██████▎   | 109/171 [04:55<01:38,  1.59s/it] 64%|██████▍   | 110/171 [04:56<01:32,  1.51s/it]                                                 {'loss': 2.7006, 'grad_norm': 2.1011734008789062, 'learning_rate': 8.304093567251463e-06, 'epoch': 1.91}
 64%|██████▍   | 110/171 [04:56<01:32,  1.51s/it]
  0%|          | 0/2 [00:00<?, ?it/s][A
100%|██████████| 2/2 [00:00<00:00,  6.03it/s][A                                                 
                                             [A{'eval_loss': 3.0096921920776367, 'eval_runtime': 0.7018, 'eval_samples_per_second': 142.488, 'eval_steps_per_second': 2.85, 'epoch': 1.91}
 64%|██████▍   | 110/171 [04:57<01:32,  1.51s/it]
100%|██████████| 2/2 [00:00<00:00,  6.03it/s][A
                                             [A 65%|██████▍   | 111/171 [05:15<06:39,  6.66s/it] 65%|██████▌   | 112/171 [05:16<04:58,  5.06s/it] 66%|██████▌   | 113/171 [05:18<03:48,  3.95s/it] 67%|██████▋   | 114/171 [05:19<02:59,  3.15s/it] 67%|██████▋   | 115/171 [05:20<02:26,  2.62s/it] 68%|██████▊   | 116/171 [05:21<01:43,  1.88s/it] 68%|██████▊   | 117/171 [05:22<01:32,  1.72s/it] 69%|██████▉   | 118/171 [05:23<01:24,  1.60s/it] 70%|██████▉   | 119/171 [05:25<01:19,  1.52s/it] 70%|███████   | 120/171 [05:26<01:14,  1.47s/it]                                                 {'loss': 2.2948, 'grad_norm': 2.284480571746826, 'learning_rate': 7.251461988304094e-06, 'epoch': 2.07}
 70%|███████   | 120/171 [05:26<01:14,  1.47s/it]
  0%|          | 0/2 [00:00<?, ?it/s][A
100%|██████████| 2/2 [00:00<00:00,  5.89it/s][A                                                 
                                             [A{'eval_loss': 3.054577589035034, 'eval_runtime': 0.7091, 'eval_samples_per_second': 141.027, 'eval_steps_per_second': 2.821, 'epoch': 2.07}
 70%|███████   | 120/171 [05:27<01:14,  1.47s/it]
100%|██████████| 2/2 [00:00<00:00,  5.89it/s][A
                                             [A 71%|███████   | 121/171 [05:42<04:56,  5.93s/it] 71%|███████▏  | 122/171 [05:44<03:42,  4.54s/it] 72%|███████▏  | 123/171 [05:45<02:51,  3.58s/it] 73%|███████▎  | 124/171 [05:46<02:16,  2.90s/it] 73%|███████▎  | 125/171 [05:48<01:51,  2.43s/it] 74%|███████▎  | 126/171 [05:49<01:35,  2.11s/it] 74%|███████▍  | 127/171 [05:50<01:22,  1.88s/it] 75%|███████▍  | 128/171 [05:52<01:13,  1.70s/it] 75%|███████▌  | 129/171 [05:53<01:06,  1.59s/it] 76%|███████▌  | 130/171 [05:54<01:01,  1.51s/it]                                                 {'loss': 2.4076, 'grad_norm': 2.429259777069092, 'learning_rate': 6.08187134502924e-06, 'epoch': 2.25}
 76%|███████▌  | 130/171 [05:54<01:01,  1.51s/it]
  0%|          | 0/2 [00:00<?, ?it/s][A
100%|██████████| 2/2 [00:00<00:00,  6.03it/s][A                                                 
                                             [A{'eval_loss': 2.887272596359253, 'eval_runtime': 0.7006, 'eval_samples_per_second': 142.743, 'eval_steps_per_second': 2.855, 'epoch': 2.25}
 76%|███████▌  | 130/171 [05:55<01:01,  1.51s/it]
100%|██████████| 2/2 [00:00<00:00,  6.03it/s][A
                                             [A 77%|███████▋  | 131/171 [06:10<03:52,  5.81s/it] 77%|███████▋  | 132/171 [06:11<02:54,  4.47s/it] 78%|███████▊  | 133/171 [06:13<02:13,  3.53s/it] 78%|███████▊  | 134/171 [06:14<01:45,  2.86s/it] 79%|███████▉  | 135/171 [06:15<01:26,  2.40s/it] 80%|███████▉  | 136/171 [06:17<01:12,  2.07s/it] 80%|████████  | 137/171 [06:18<01:02,  1.85s/it] 81%|████████  | 138/171 [06:19<00:55,  1.69s/it] 81%|████████▏ | 139/171 [06:21<00:50,  1.59s/it] 82%|████████▏ | 140/171 [06:22<00:46,  1.52s/it]                                                 {'loss': 2.3683, 'grad_norm': 1.6248257160186768, 'learning_rate': 4.912280701754386e-06, 'epoch': 2.42}
 82%|████████▏ | 140/171 [06:22<00:46,  1.52s/it]
  0%|          | 0/2 [00:00<?, ?it/s][A
100%|██████████| 2/2 [00:00<00:00,  6.04it/s][A                                                 
                                             [A{'eval_loss': 2.7335267066955566, 'eval_runtime': 0.7003, 'eval_samples_per_second': 142.793, 'eval_steps_per_second': 2.856, 'epoch': 2.42}
 82%|████████▏ | 140/171 [06:23<00:46,  1.52s/it]
100%|██████████| 2/2 [00:00<00:00,  6.04it/s][A
                                             [A 82%|████████▏ | 141/171 [06:38<02:56,  5.90s/it] 83%|████████▎ | 142/171 [06:39<02:11,  4.52s/it] 84%|████████▎ | 143/171 [06:41<01:40,  3.59s/it] 84%|████████▍ | 144/171 [06:42<01:18,  2.92s/it] 85%|████████▍ | 145/171 [06:43<01:03,  2.43s/it] 85%|████████▌ | 146/171 [06:45<00:52,  2.10s/it] 86%|████████▌ | 147/171 [06:46<00:44,  1.87s/it] 87%|████████▋ | 148/171 [06:47<00:39,  1.71s/it] 87%|████████▋ | 149/171 [06:49<00:35,  1.59s/it] 88%|████████▊ | 150/171 [06:50<00:31,  1.51s/it]                                                 {'loss': 2.324, 'grad_norm': 2.0864784717559814, 'learning_rate': 3.7426900584795324e-06, 'epoch': 2.6}
 88%|████████▊ | 150/171 [06:50<00:31,  1.51s/it]
  0%|          | 0/2 [00:00<?, ?it/s][A
100%|██████████| 2/2 [00:00<00:00,  6.01it/s][A                                                 
                                             [A{'eval_loss': 2.789388656616211, 'eval_runtime': 0.7017, 'eval_samples_per_second': 142.518, 'eval_steps_per_second': 2.85, 'epoch': 2.6}
 88%|████████▊ | 150/171 [06:51<00:31,  1.51s/it]
100%|██████████| 2/2 [00:00<00:00,  6.01it/s][A
