n192-025-219:252614:253389 [6] NCCL INFO Channel 03/0 : 6[6] -> 1[1] via P2P/CUMEM
n192-025-219:252612:253395 [4] NCCL INFO Channel 11/0 : 4[4] -> 7[7] via P2P/CUMEM
n192-025-219:252608:253388 [0] NCCL INFO Channel 11/0 : 0[0] -> 3[3] via P2P/CUMEM
n192-025-219:252610:253392 [2] NCCL INFO Channel 08/0 : 2[2] -> 5[5] via P2P/CUMEM
n192-025-219:252614:253389 [6] NCCL INFO Channel 08/0 : 6[6] -> 1[1] via P2P/CUMEM
n192-025-219:252615:253393 [7] NCCL INFO Channel 02/0 : 7[7] -> 4[4] via P2P/CUMEM
n192-025-219:252613:253391 [5] NCCL INFO Channel 05/0 : 5[5] -> 2[2] via P2P/CUMEM
n192-025-219:252614:253389 [6] NCCL INFO Channel 09/0 : 6[6] -> 1[1] via P2P/CUMEM
n192-025-219:252611:253394 [3] NCCL INFO Channel 02/0 : 3[3] -> 0[0] via P2P/CUMEM
n192-025-219:252615:253393 [7] NCCL INFO Channel 08/0 : 7[7] -> 4[4] via P2P/CUMEM
n192-025-219:252613:253391 [5] NCCL INFO Channel 11/0 : 5[5] -> 2[2] via P2P/CUMEM
n192-025-219:252611:253394 [3] NCCL INFO Channel 08/0 : 3[3] -> 0[0] via P2P/CUMEM
n192-025-219:252615:253393 [7] NCCL INFO Channel 03/0 : 7[7] -> 5[5] via P2P/CUMEM
n192-025-219:252609:253390 [1] NCCL INFO Channel 01/0 : 1[1] -> 6[6] via P2P/CUMEM
n192-025-219:252610:253392 [2] NCCL INFO Channel 03/0 : 2[2] -> 0[0] via P2P/CUMEM
n192-025-219:252615:253393 [7] NCCL INFO Channel 05/0 : 7[7] -> 5[5] via P2P/CUMEM
n192-025-219:252609:253390 [1] NCCL INFO Channel 05/0 : 1[1] -> 6[6] via P2P/CUMEM
n192-025-219:252611:253394 [3] NCCL INFO Channel 01/0 : 3[3] -> 1[1] via P2P/CUMEM
n192-025-219:252615:253393 [7] NCCL INFO Channel 09/0 : 7[7] -> 5[5] via P2P/CUMEM
n192-025-219:252610:253392 [2] NCCL INFO Channel 05/0 : 2[2] -> 0[0] via P2P/CUMEM
n192-025-219:252609:253390 [1] NCCL INFO Channel 07/0 : 1[1] -> 6[6] via P2P/CUMEM
n192-025-219:252611:253394 [3] NCCL INFO Channel 05/0 : 3[3] -> 1[1] via P2P/CUMEM
n192-025-219:252615:253393 [7] NCCL INFO Channel 11/0 : 7[7] -> 5[5] via P2P/CUMEM
n192-025-219:252610:253392 [2] NCCL INFO Channel 09/0 : 2[2] -> 0[0] via P2P/CUMEM
n192-025-219:252609:253390 [1] NCCL INFO Channel 11/0 : 1[1] -> 6[6] via P2P/CUMEM
n192-025-219:252611:253394 [3] NCCL INFO Channel 07/0 : 3[3] -> 1[1] via P2P/CUMEM
n192-025-219:252610:253392 [2] NCCL INFO Channel 11/0 : 2[2] -> 0[0] via P2P/CUMEM
n192-025-219:252614:253389 [6] NCCL INFO Channel 01/0 : 6[6] -> 4[4] via P2P/CUMEM
n192-025-219:252611:253394 [3] NCCL INFO Channel 11/0 : 3[3] -> 1[1] via P2P/CUMEM
n192-025-219:252614:253389 [6] NCCL INFO Channel 05/0 : 6[6] -> 4[4] via P2P/CUMEM
n192-025-219:252614:253389 [6] NCCL INFO Channel 07/0 : 6[6] -> 4[4] via P2P/CUMEM
n192-025-219:252613:253391 [5] NCCL INFO Channel 03/0 : 5[5] -> 4[4] via P2P/CUMEM
n192-025-219:252614:253389 [6] NCCL INFO Channel 11/0 : 6[6] -> 4[4] via P2P/CUMEM
n192-025-219:252608:253388 [0] NCCL INFO Channel 03/0 : 0[0] -> 7[7] via P2P/CUMEM
n192-025-219:252613:253391 [5] NCCL INFO Channel 04/0 : 5[5] -> 4[4] via P2P/CUMEM
n192-025-219:252608:253388 [0] NCCL INFO Channel 04/0 : 0[0] -> 7[7] via P2P/CUMEM
n192-025-219:252615:253393 [7] NCCL INFO Channel 04/0 : 7[7] -> 6[6] via P2P/CUMEM
n192-025-219:252613:253391 [5] NCCL INFO Channel 09/0 : 5[5] -> 4[4] via P2P/CUMEM
n192-025-219:252608:253388 [0] NCCL INFO Channel 09/0 : 0[0] -> 7[7] via P2P/CUMEM
n192-025-219:252615:253393 [7] NCCL INFO Channel 10/0 : 7[7] -> 6[6] via P2P/CUMEM
n192-025-219:252613:253391 [5] NCCL INFO Channel 10/0 : 5[5] -> 4[4] via P2P/CUMEM
n192-025-219:252610:253392 [2] NCCL INFO Channel 04/0 : 2[2] -> 1[1] via P2P/CUMEM
n192-025-219:252609:253390 [1] NCCL INFO Channel 04/0 : 1[1] -> 0[0] via P2P/CUMEM
n192-025-219:252608:253388 [0] NCCL INFO Channel 10/0 : 0[0] -> 7[7] via P2P/CUMEM
n192-025-219:252611:253394 [3] NCCL INFO Channel 03/0 : 3[3] -> 2[2] via P2P/CUMEM
n192-025-219:252614:253389 [6] NCCL INFO Channel 04/0 : 6[6] -> 5[5] via P2P/CUMEM
n192-025-219:252610:253392 [2] NCCL INFO Channel 10/0 : 2[2] -> 1[1] via P2P/CUMEM
n192-025-219:252609:253390 [1] NCCL INFO Channel 10/0 : 1[1] -> 0[0] via P2P/CUMEM
n192-025-219:252614:253389 [6] NCCL INFO Channel 10/0 : 6[6] -> 5[5] via P2P/CUMEM
n192-025-219:252611:253394 [3] NCCL INFO Channel 04/0 : 3[3] -> 2[2] via P2P/CUMEM
n192-025-219:252611:253394 [3] NCCL INFO Channel 09/0 : 3[3] -> 2[2] via P2P/CUMEM
n192-025-219:252611:253394 [3] NCCL INFO Channel 10/0 : 3[3] -> 2[2] via P2P/CUMEM
n192-025-219:252612:253395 [4] NCCL INFO Channel 04/0 : 4[4] -> 3[3] via P2P/CUMEM
n192-025-219:252612:253395 [4] NCCL INFO Channel 10/0 : 4[4] -> 3[3] via P2P/CUMEM
n192-025-219:252609:253390 [1] NCCL INFO Connected all rings
n192-025-219:252612:253395 [4] NCCL INFO Connected all rings
n192-025-219:252609:253390 [1] NCCL INFO Channel 04/0 : 1[1] -> 2[2] via P2P/CUMEM
n192-025-219:252610:253392 [2] NCCL INFO Connected all rings
n192-025-219:252608:253388 [0] NCCL INFO Connected all rings
n192-025-219:252611:253394 [3] NCCL INFO Connected all rings
n192-025-219:252615:253393 [7] NCCL INFO Connected all rings
n192-025-219:252614:253389 [6] NCCL INFO Connected all rings
n192-025-219:252613:253391 [5] NCCL INFO Connected all rings
n192-025-219:252609:253390 [1] NCCL INFO Channel 10/0 : 1[1] -> 2[2] via P2P/CUMEM
n192-025-219:252612:253395 [4] NCCL INFO Channel 03/0 : 4[4] -> 5[5] via P2P/CUMEM
n192-025-219:252610:253392 [2] NCCL INFO Channel 03/0 : 2[2] -> 3[3] via P2P/CUMEM
n192-025-219:252615:253393 [7] NCCL INFO Channel 03/0 : 7[7] -> 0[0] via P2P/CUMEM
n192-025-219:252614:253389 [6] NCCL INFO Channel 05/0 : 6[6] -> 7[7] via P2P/CUMEM
n192-025-219:252612:253395 [4] NCCL INFO Channel 04/0 : 4[4] -> 5[5] via P2P/CUMEM
n192-025-219:252610:253392 [2] NCCL INFO Channel 04/0 : 2[2] -> 3[3] via P2P/CUMEM
n192-025-219:252615:253393 [7] NCCL INFO Channel 04/0 : 7[7] -> 0[0] via P2P/CUMEM
n192-025-219:252614:253389 [6] NCCL INFO Channel 11/0 : 6[6] -> 7[7] via P2P/CUMEM
n192-025-219:252612:253395 [4] NCCL INFO Channel 09/0 : 4[4] -> 5[5] via P2P/CUMEM
n192-025-219:252611:253394 [3] NCCL INFO Channel 04/0 : 3[3] -> 4[4] via P2P/CUMEM
n192-025-219:252610:253392 [2] NCCL INFO Channel 09/0 : 2[2] -> 3[3] via P2P/CUMEM
n192-025-219:252615:253393 [7] NCCL INFO Channel 09/0 : 7[7] -> 0[0] via P2P/CUMEM
n192-025-219:252613:253391 [5] NCCL INFO Channel 05/0 : 5[5] -> 6[6] via P2P/CUMEM
n192-025-219:252612:253395 [4] NCCL INFO Channel 10/0 : 4[4] -> 5[5] via P2P/CUMEM
n192-025-219:252611:253394 [3] NCCL INFO Channel 10/0 : 3[3] -> 4[4] via P2P/CUMEM
n192-025-219:252610:253392 [2] NCCL INFO Channel 10/0 : 2[2] -> 3[3] via P2P/CUMEM
n192-025-219:252615:253393 [7] NCCL INFO Channel 10/0 : 7[7] -> 0[0] via P2P/CUMEM
n192-025-219:252613:253391 [5] NCCL INFO Channel 11/0 : 5[5] -> 6[6] via P2P/CUMEM
n192-025-219:252608:253388 [0] NCCL INFO Channel 05/0 : 0[0] -> 2[2] via P2P/CUMEM
n192-025-219:252613:253391 [5] NCCL INFO Channel 03/0 : 5[5] -> 7[7] via P2P/CUMEM
n192-025-219:252608:253388 [0] NCCL INFO Channel 11/0 : 0[0] -> 2[2] via P2P/CUMEM
n192-025-219:252613:253391 [5] NCCL INFO Channel 04/0 : 5[5] -> 7[7] via P2P/CUMEM
n192-025-219:252612:253395 [4] NCCL INFO Channel 01/0 : 4[4] -> 6[6] via P2P/CUMEM
n192-025-219:252613:253391 [5] NCCL INFO Channel 09/0 : 5[5] -> 7[7] via P2P/CUMEM
n192-025-219:252612:253395 [4] NCCL INFO Channel 07/0 : 4[4] -> 6[6] via P2P/CUMEM
n192-025-219:252613:253391 [5] NCCL INFO Channel 10/0 : 5[5] -> 7[7] via P2P/CUMEM
n192-025-219:252614:253389 [6] NCCL INFO Channel 01/0 : 6[6] -> 1[1] via P2P/CUMEM
n192-025-219:252612:253395 [4] NCCL INFO Channel 02/0 : 4[4] -> 7[7] via P2P/CUMEM
n192-025-219:252614:253389 [6] NCCL INFO Channel 04/0 : 6[6] -> 1[1] via P2P/CUMEM
n192-025-219:252612:253395 [4] NCCL INFO Channel 08/0 : 4[4] -> 7[7] via P2P/CUMEM
n192-025-219:252614:253389 [6] NCCL INFO Channel 07/0 : 6[6] -> 1[1] via P2P/CUMEM
n192-025-219:252614:253389 [6] NCCL INFO Channel 10/0 : 6[6] -> 1[1] via P2P/CUMEM
n192-025-219:252615:253393 [7] NCCL INFO Channel 05/0 : 7[7] -> 4[4] via P2P/CUMEM
n192-025-219:252615:253393 [7] NCCL INFO Channel 11/0 : 7[7] -> 4[4] via P2P/CUMEM
n192-025-219:252609:253390 [1] NCCL INFO Channel 01/0 : 1[1] -> 3[3] via P2P/CUMEM
n192-025-219:252615:253393 [7] NCCL INFO Channel 01/0 : 7[7] -> 5[5] via P2P/CUMEM
n192-025-219:252609:253390 [1] NCCL INFO Channel 05/0 : 1[1] -> 3[3] via P2P/CUMEM
n192-025-219:252615:253393 [7] NCCL INFO Channel 02/0 : 7[7] -> 5[5] via P2P/CUMEM
n192-025-219:252609:253390 [1] NCCL INFO Channel 07/0 : 1[1] -> 3[3] via P2P/CUMEM
n192-025-219:252610:253392 [2] NCCL INFO Channel 05/0 : 2[2] -> 5[5] via P2P/CUMEM
n192-025-219:252615:253393 [7] NCCL INFO Channel 04/0 : 7[7] -> 5[5] via P2P/CUMEM
n192-025-219:252609:253390 [1] NCCL INFO Channel 11/0 : 1[1] -> 3[3] via P2P/CUMEM
n192-025-219:252610:253392 [2] NCCL INFO Channel 11/0 : 2[2] -> 5[5] via P2P/CUMEM
n192-025-219:252615:253393 [7] NCCL INFO Channel 07/0 : 7[7] -> 5[5] via P2P/CUMEM
n192-025-219:252611:253394 [3] NCCL INFO Channel 05/0 : 3[3] -> 0[0] via P2P/CUMEM
n192-025-219:252615:253393 [7] NCCL INFO Channel 08/0 : 7[7] -> 5[5] via P2P/CUMEM
n192-025-219:252615:253393 [7] NCCL INFO Channel 10/0 : 7[7] -> 5[5] via P2P/CUMEM
n192-025-219:252613:253391 [5] NCCL INFO Channel 02/0 : 5[5] -> 2[2] via P2P/CUMEM
n192-025-219:252613:253391 [5] NCCL INFO Channel 08/0 : 5[5] -> 2[2] via P2P/CUMEM
n192-025-219:252611:253394 [3] NCCL INFO Channel 11/0 : 3[3] -> 0[0] via P2P/CUMEM
n192-025-219:252610:253392 [2] NCCL INFO Channel 01/0 : 2[2] -> 0[0] via P2P/CUMEM
n192-025-219:252611:253394 [3] NCCL INFO Channel 02/0 : 3[3] -> 1[1] via P2P/CUMEM
n192-025-219:252610:253392 [2] NCCL INFO Channel 02/0 : 2[2] -> 0[0] via P2P/CUMEM
n192-025-219:252611:253394 [3] NCCL INFO Channel 03/0 : 3[3] -> 1[1] via P2P/CUMEM
n192-025-219:252610:253392 [2] NCCL INFO Channel 07/0 : 2[2] -> 0[0] via P2P/CUMEM
n192-025-219:252609:253390 [1] NCCL INFO Channel 02/0 : 1[1] -> 6[6] via P2P/CUMEM
n192-025-219:252611:253394 [3] NCCL INFO Channel 08/0 : 3[3] -> 1[1] via P2P/CUMEM
n192-025-219:252610:253392 [2] NCCL INFO Channel 08/0 : 2[2] -> 0[0] via P2P/CUMEM
n192-025-219:252609:253390 [1] NCCL INFO Channel 03/0 : 1[1] -> 6[6] via P2P/CUMEM
n192-025-219:252611:253394 [3] NCCL INFO Channel 09/0 : 3[3] -> 1[1] via P2P/CUMEM
n192-025-219:252609:253390 [1] NCCL INFO Channel 04/0 : 1[1] -> 6[6] via P2P/CUMEM
n192-025-219:252609:253390 [1] NCCL INFO Channel 08/0 : 1[1] -> 6[6] via P2P/CUMEM
n192-025-219:252615:253393 [7] NCCL INFO Channel 00/0 : 7[7] -> 6[6] via P2P/CUMEM
n192-025-219:252609:253390 [1] NCCL INFO Channel 09/0 : 1[1] -> 6[6] via P2P/CUMEM
n192-025-219:252615:253393 [7] NCCL INFO Channel 05/0 : 7[7] -> 6[6] via P2P/CUMEM
n192-025-219:252609:253390 [1] NCCL INFO Channel 10/0 : 1[1] -> 6[6] via P2P/CUMEM
n192-025-219:252615:253393 [7] NCCL INFO Channel 06/0 : 7[7] -> 6[6] via P2P/CUMEM
n192-025-219:252610:253392 [2] NCCL INFO Channel 00/0 : 2[2] -> 1[1] via P2P/CUMEM
n192-025-219:252614:253389 [6] NCCL INFO Channel 02/0 : 6[6] -> 4[4] via P2P/CUMEM
n192-025-219:252615:253393 [7] NCCL INFO Channel 11/0 : 7[7] -> 6[6] via P2P/CUMEM
n192-025-219:252610:253392 [2] NCCL INFO Channel 06/0 : 2[2] -> 1[1] via P2P/CUMEM
n192-025-219:252614:253389 [6] NCCL INFO Channel 03/0 : 6[6] -> 4[4] via P2P/CUMEM
n192-025-219:252613:253391 [5] NCCL INFO Channel 00/0 : 5[5] -> 4[4] via P2P/CUMEM
n192-025-219:252614:253389 [6] NCCL INFO Channel 08/0 : 6[6] -> 4[4] via P2P/CUMEM
n192-025-219:252613:253391 [5] NCCL INFO Channel 01/0 : 5[5] -> 4[4] via P2P/CUMEM
n192-025-219:252614:253389 [6] NCCL INFO Channel 09/0 : 6[6] -> 4[4] via P2P/CUMEM
n192-025-219:252613:253391 [5] NCCL INFO Channel 06/0 : 5[5] -> 4[4] via P2P/CUMEM
n192-025-219:252613:253391 [5] NCCL INFO Channel 07/0 : 5[5] -> 4[4] via P2P/CUMEM
n192-025-219:252609:253390 [1] NCCL INFO Channel 00/0 : 1[1] -> 0[0] via P2P/CUMEM
n192-025-219:252611:253394 [3] NCCL INFO Channel 00/0 : 3[3] -> 2[2] via P2P/CUMEM
n192-025-219:252612:253395 [4] NCCL INFO Channel 00/0 : 4[4] -> 3[3] via P2P/CUMEM
n192-025-219:252612:253395 [4] NCCL INFO Channel 06/0 : 4[4] -> 3[3] via P2P/CUMEM
n192-025-219:252614:253389 [6] NCCL INFO Channel 00/0 : 6[6] -> 5[5] via P2P/CUMEM
n192-025-219:252614:253389 [6] NCCL INFO Channel 05/0 : 6[6] -> 5[5] via P2P/CUMEM
n192-025-219:252611:253394 [3] NCCL INFO Channel 01/0 : 3[3] -> 2[2] via P2P/CUMEM
n192-025-219:252614:253389 [6] NCCL INFO Channel 06/0 : 6[6] -> 5[5] via P2P/CUMEM
n192-025-219:252611:253394 [3] NCCL INFO Channel 06/0 : 3[3] -> 2[2] via P2P/CUMEM
n192-025-219:252614:253389 [6] NCCL INFO Channel 11/0 : 6[6] -> 5[5] via P2P/CUMEM
n192-025-219:252609:253390 [1] NCCL INFO Channel 06/0 : 1[1] -> 0[0] via P2P/CUMEM
n192-025-219:252611:253394 [3] NCCL INFO Channel 07/0 : 3[3] -> 2[2] via P2P/CUMEM
n192-025-219:252608:253388 [0] NCCL INFO Connected all trees
n192-025-219:252615:253393 [7] NCCL INFO Connected all trees
n192-025-219:252615:253393 [7] NCCL INFO threadThresholds 8/8/64 | 64/8/64 | 512 | 512
n192-025-219:252615:253393 [7] NCCL INFO 12 coll channels, 0 nvls channels, 16 p2p channels, 2 p2p channels per peer
n192-025-219:252615:253393 [7] NCCL INFO Channel 04/1 : 7[7] -> 1[1] via P2P/indirect/6[6]
n192-025-219:252609:253390 [1] NCCL INFO Connected all trees
n192-025-219:252612:253395 [4] NCCL INFO Connected all trees
n192-025-219:252608:253388 [0] NCCL INFO threadThresholds 8/8/64 | 64/8/64 | 512 | 512
n192-025-219:252609:253390 [1] NCCL INFO threadThresholds 8/8/64 | 64/8/64 | 512 | 512
n192-025-219:252611:253394 [3] NCCL INFO Connected all trees
n192-025-219:252608:253388 [0] NCCL INFO 12 coll channels, 0 nvls channels, 16 p2p channels, 2 p2p channels per peer
n192-025-219:252610:253392 [2] NCCL INFO Connected all trees
n192-025-219:252609:253390 [1] NCCL INFO 12 coll channels, 0 nvls channels, 16 p2p channels, 2 p2p channels per peer
n192-025-219:252612:253395 [4] NCCL INFO threadThresholds 8/8/64 | 64/8/64 | 512 | 512
n192-025-219:252611:253394 [3] NCCL INFO threadThresholds 8/8/64 | 64/8/64 | 512 | 512
n192-025-219:252612:253395 [4] NCCL INFO 12 coll channels, 0 nvls channels, 16 p2p channels, 2 p2p channels per peer
n192-025-219:252611:253394 [3] NCCL INFO 12 coll channels, 0 nvls channels, 16 p2p channels, 2 p2p channels per peer
n192-025-219:252610:253392 [2] NCCL INFO threadThresholds 8/8/64 | 64/8/64 | 512 | 512
n192-025-219:252610:253392 [2] NCCL INFO 12 coll channels, 0 nvls channels, 16 p2p channels, 2 p2p channels per peer
n192-025-219:252611:253394 [3] NCCL INFO Channel 04/1 : 3[3] -> 5[5] via P2P/indirect/4[4]
n192-025-219:252614:253389 [6] NCCL INFO Connected all trees
n192-025-219:252610:253392 [2] NCCL INFO Channel 04/1 : 2[2] -> 4[4] via P2P/indirect/5[5]
n192-025-219:252614:253389 [6] NCCL INFO threadThresholds 8/8/64 | 64/8/64 | 512 | 512
n192-025-219:252614:253389 [6] NCCL INFO 12 coll channels, 0 nvls channels, 16 p2p channels, 2 p2p channels per peer
n192-025-219:252613:253391 [5] NCCL INFO Connected all trees
n192-025-219:252614:253389 [6] NCCL INFO Channel 04/1 : 6[6] -> 0[0] via P2P/indirect/7[7]
n192-025-219:252613:253391 [5] NCCL INFO threadThresholds 8/8/64 | 64/8/64 | 512 | 512
n192-025-219:252613:253391 [5] NCCL INFO 12 coll channels, 0 nvls channels, 16 p2p channels, 2 p2p channels per peer
n192-025-219:252611:253394 [3] NCCL INFO Channel 05/1 : 3[3] -> 5[5] via P2P/indirect/4[4]
n192-025-219:252615:253393 [7] NCCL INFO Channel 05/1 : 7[7] -> 1[1] via P2P/indirect/6[6]
n192-025-219:252614:253389 [6] NCCL INFO Channel 05/1 : 6[6] -> 0[0] via P2P/indirect/7[7]
n192-025-219:252610:253392 [2] NCCL INFO Channel 05/1 : 2[2] -> 4[4] via P2P/indirect/5[5]
n192-025-219:252615:253393 [7] NCCL INFO Channel 12/1 : 7[7] -> 2[2] via P2P/indirect/0[0]
n192-025-219:252609:253390 [1] NCCL INFO Channel 12/1 : 1[1] -> 4[4] via P2P/indirect/6[6]
n192-025-219:252611:253394 [3] NCCL INFO Channel 12/1 : 3[3] -> 6[6] via P2P/indirect/1[1]
n192-025-219:252613:253391 [5] NCCL INFO Channel 12/1 : 5[5] -> 0[0] via P2P/indirect/7[7]
n192-025-219:252615:253393 [7] NCCL INFO Channel 13/1 : 7[7] -> 2[2] via P2P/indirect/0[0]
n192-025-219:252611:253394 [3] NCCL INFO Channel 13/1 : 3[3] -> 6[6] via P2P/indirect/1[1]
n192-025-219:252609:253390 [1] NCCL INFO Channel 13/1 : 1[1] -> 4[4] via P2P/indirect/6[6]
n192-025-219:252613:253391 [5] NCCL INFO Channel 13/1 : 5[5] -> 0[0] via P2P/indirect/7[7]
n192-025-219:252612:253395 [4] NCCL INFO Channel 02/1 : 4[4] -> 0[0] via P2P/indirect/7[7]
n192-025-219:252609:253390 [1] NCCL INFO Channel 02/1 : 1[1] -> 5[5] via P2P/indirect/6[6]
n192-025-219:252611:253394 [3] NCCL INFO Channel 02/1 : 3[3] -> 7[7] via P2P/indirect/0[0]
n192-025-219:252612:253395 [4] NCCL INFO Channel 03/1 : 4[4] -> 0[0] via P2P/indirect/7[7]
n192-025-219:252615:253393 [7] NCCL INFO Channel 02/1 : 7[7] -> 3[3] via P2P/indirect/0[0]
n192-025-219:252614:253389 [6] NCCL INFO Channel 02/1 : 6[6] -> 2[2] via P2P/indirect/5[5]
n192-025-219:252609:253390 [1] NCCL INFO Channel 03/1 : 1[1] -> 5[5] via P2P/indirect/6[6]
n192-025-219:252610:253392 [2] NCCL INFO Channel 02/1 : 2[2] -> 6[6] via P2P/indirect/1[1]
n192-025-219:252611:253394 [3] NCCL INFO Channel 03/1 : 3[3] -> 7[7] via P2P/indirect/0[0]
n192-025-219:252608:253388 [0] NCCL INFO Channel 02/1 : 0[0] -> 4[4] via P2P/indirect/3[3]
n192-025-219:252610:253392 [2] NCCL INFO Channel 03/1 : 2[2] -> 6[6] via P2P/indirect/1[1]
n192-025-219:252613:253391 [5] NCCL INFO Channel 02/1 : 5[5] -> 1[1] via P2P/indirect/6[6]
n192-025-219:252614:253389 [6] NCCL INFO Channel 03/1 : 6[6] -> 2[2] via P2P/indirect/5[5]
n192-025-219:252615:253393 [7] NCCL INFO Channel 03/1 : 7[7] -> 3[3] via P2P/indirect/0[0]
n192-025-219:252614:253389 [6] NCCL INFO Channel 10/1 : 6[6] -> 3[3] via P2P/indirect/1[1]
n192-025-219:252613:253391 [5] NCCL INFO Channel 03/1 : 5[5] -> 1[1] via P2P/indirect/6[6]
n192-025-219:252608:253388 [0] NCCL INFO Channel 03/1 : 0[0] -> 4[4] via P2P/indirect/3[3]
n192-025-219:252610:253392 [2] NCCL INFO Channel 10/1 : 2[2] -> 7[7] via P2P/indirect/0[0]
n192-025-219:252614:253389 [6] NCCL INFO Channel 11/1 : 6[6] -> 3[3] via P2P/indirect/1[1]
n192-025-219:252608:253388 [0] NCCL INFO Channel 10/1 : 0[0] -> 5[5] via P2P/indirect/7[7]
n192-025-219:252612:253395 [4] NCCL INFO Channel 10/1 : 4[4] -> 1[1] via P2P/indirect/6[6]
n192-025-219:252610:253392 [2] NCCL INFO Channel 11/1 : 2[2] -> 7[7] via P2P/indirect/0[0]
n192-025-219:252612:253395 [4] NCCL INFO Channel 11/1 : 4[4] -> 1[1] via P2P/indirect/6[6]
n192-025-219:252608:253388 [0] NCCL INFO Channel 11/1 : 0[0] -> 5[5] via P2P/indirect/7[7]
n192-025-219:252613:253391 [5] NCCL INFO Channel 06/1 : 5[5] -> 3[3] via P2P/indirect/2[2]
n192-025-219:252608:253388 [0] NCCL INFO Channel 06/1 : 0[0] -> 6[6] via P2P/indirect/1[1]
n192-025-219:252608:253388 [0] NCCL INFO Channel 07/1 : 0[0] -> 6[6] via P2P/indirect/1[1]
n192-025-219:252613:253391 [5] NCCL INFO Channel 07/1 : 5[5] -> 3[3] via P2P/indirect/2[2]
n192-025-219:252612:253395 [4] NCCL INFO Channel 06/1 : 4[4] -> 2[2] via P2P/indirect/3[3]
n192-025-219:252609:253390 [1] NCCL INFO Channel 06/1 : 1[1] -> 7[7] via P2P/indirect/0[0]
n192-025-219:252612:253395 [4] NCCL INFO Channel 07/1 : 4[4] -> 2[2] via P2P/indirect/3[3]
n192-025-219:252609:253390 [1] NCCL INFO Channel 07/1 : 1[1] -> 7[7] via P2P/indirect/0[0]
n192-025-219:252611:253394 [3] NCCL INFO comm 0x38596730 rank 3 nranks 8 cudaDev 3 nvmlDev 3 busId 3e000 commId 0x44b120fe6d48d1d2 - Init COMPLETE
n192-025-219:252615:253393 [7] NCCL INFO comm 0xd3c1e00 rank 7 nranks 8 cudaDev 7 nvmlDev 7 busId b2000 commId 0x44b120fe6d48d1d2 - Init COMPLETE
n192-025-219:252609:253390 [1] NCCL INFO comm 0xe839e40 rank 1 nranks 8 cudaDev 1 nvmlDev 1 busId 1b000 commId 0x44b120fe6d48d1d2 - Init COMPLETE
n192-025-219:252613:253391 [5] NCCL INFO comm 0xfa3af00 rank 5 nranks 8 cudaDev 5 nvmlDev 5 busId 89000 commId 0x44b120fe6d48d1d2 - Init COMPLETE
n192-025-219:252610:253392 [2] NCCL INFO comm 0x10393b80 rank 2 nranks 8 cudaDev 2 nvmlDev 2 busId 3d000 commId 0x44b120fe6d48d1d2 - Init COMPLETE
n192-025-219:252614:253389 [6] NCCL INFO comm 0x1005af10 rank 6 nranks 8 cudaDev 6 nvmlDev 6 busId b1000 commId 0x44b120fe6d48d1d2 - Init COMPLETE
n192-025-219:252608:253388 [0] NCCL INFO comm 0xeab1040 rank 0 nranks 8 cudaDev 0 nvmlDev 0 busId 1a000 commId 0x44b120fe6d48d1d2 - Init COMPLETE
n192-025-219:252612:253395 [4] NCCL INFO comm 0xe20ad40 rank 4 nranks 8 cudaDev 4 nvmlDev 4 busId 88000 commId 0x44b120fe6d48d1d2 - Init COMPLETE
Installed CUDA version 12.4 does not match the version torch was compiled with 12.1 but since the APIs are compatible, accepting this combination
Using /home/tiger/.cache/torch_extensions/py311_cu121 as PyTorch extensions root...
Emitting ninja build file /home/tiger/.cache/torch_extensions/py311_cu121/cpu_adam/build.ninja...
Building extension module cpu_adam...
Allowing ninja to set a default number of workers... (overridable by setting the environment variable MAX_JOBS=N)
ninja: no work to do.
Loading extension module cpu_adam...
Time to load cpu_adam op: 2.5640065670013428 seconds
Installed CUDA version 12.4 does not match the version torch was compiled with 12.1 but since the APIs are compatible, accepting this combination
Using /home/tiger/.cache/torch_extensions/py311_cu121 as PyTorch extensions root...
Emitting ninja build file /home/tiger/.cache/torch_extensions/py311_cu121/cpu_adam/build.ninja...
Building extension module cpu_adam...
Allowing ninja to set a default number of workers... (overridable by setting the environment variable MAX_JOBS=N)
ninja: no work to do.
Loading extension module cpu_adam...
Time to load cpu_adam op: 2.5851340293884277 seconds
Installed CUDA version 12.4 does not match the version torch was compiled with 12.1 but since the APIs are compatible, accepting this combination
Using /home/tiger/.cache/torch_extensions/py311_cu121 as PyTorch extensions root...
Emitting ninja build file /home/tiger/.cache/torch_extensions/py311_cu121/cpu_adam/build.ninja...
Building extension module cpu_adam...
Allowing ninja to set a default number of workers... (overridable by setting the environment variable MAX_JOBS=N)
ninja: no work to do.
Loading extension module cpu_adam...
Time to load cpu_adam op: 2.637518882751465 seconds
Installed CUDA version 12.4 does not match the version torch was compiled with 12.1 but since the APIs are compatible, accepting this combination
Using /home/tiger/.cache/torch_extensions/py311_cu121 as PyTorch extensions root...
Emitting ninja build file /home/tiger/.cache/torch_extensions/py311_cu121/cpu_adam/build.ninja...
Building extension module cpu_adam...
Allowing ninja to set a default number of workers... (overridable by setting the environment variable MAX_JOBS=N)
ninja: no work to do.
Loading extension module cpu_adam...
Time to load cpu_adam op: 2.779064416885376 seconds
Installed CUDA version 12.4 does not match the version torch was compiled with 12.1 but since the APIs are compatible, accepting this combination
Using /home/tiger/.cache/torch_extensions/py311_cu121 as PyTorch extensions root...
Installed CUDA version 12.4 does not match the version torch was compiled with 12.1 but since the APIs are compatible, accepting this combination
Using /home/tiger/.cache/torch_extensions/py311_cu121 as PyTorch extensions root...
Installed CUDA version 12.4 does not match the version torch was compiled with 12.1 but since the APIs are compatible, accepting this combination
Using /home/tiger/.cache/torch_extensions/py311_cu121 as PyTorch extensions root...
Emitting ninja build file /home/tiger/.cache/torch_extensions/py311_cu121/cpu_adam/build.ninja...
Building extension module cpu_adam...
Allowing ninja to set a default number of workers... (overridable by setting the environment variable MAX_JOBS=N)
Installed CUDA version 12.4 does not match the version torch was compiled with 12.1 but since the APIs are compatible, accepting this combination
Using /home/tiger/.cache/torch_extensions/py311_cu121 as PyTorch extensions root...
ninja: no work to do.
Loading extension module cpu_adam...
Time to load cpu_adam op: 2.7951784133911133 seconds
Loading extension module cpu_adam...
Loading extension module cpu_adam...
Time to load cpu_adam op: 2.886486530303955 seconds
Time to load cpu_adam op: 2.8869924545288086 seconds
Loading extension module cpu_adam...
Time to load cpu_adam op: 2.8963406085968018 seconds
wandb: WARNING The `run_name` is currently set to the same value as `TrainingArguments.output_dir`. If this was not intended, please specify a different run name by setting the `TrainingArguments.run_name` parameter.
wandb: - Waiting for wandb.init()...wandb: ⭐️ View project at https://ml.byteintl.net/experiment/tracking/detail?Id=project_20230126_e9daa974
wandb: \ Waiting for wandb.init()...wandb: | Waiting for wandb.init()...wandb: 🚀 View run at https://ml.byteintl.net/experiment/tracking/detail?Id=project_20230126_e9daa974&selectedTrial=run_20250416_30024f7a
wandb: / Waiting for wandb.init()...wandb: - Waiting for wandb.init()...wandb: Tracking run with wandb version 0.13.86
wandb: Run data is saved locally in /opt/tiger/dyf/wandb/run-20250416_123103-run_20250416_30024f7a
wandb: Run `wandb offline` to turn off syncing.
  0%|          | 0/171 [00:00<?, ?it/s]  1%|          | 1/171 [00:01<04:16,  1.51s/it]  1%|          | 2/171 [00:02<03:59,  1.42s/it]  2%|▏         | 3/171 [00:04<03:52,  1.38s/it]  2%|▏         | 4/171 [00:05<03:45,  1.35s/it]  3%|▎         | 5/171 [00:06<03:44,  1.35s/it]  4%|▎         | 6/171 [00:08<03:40,  1.34s/it]  4%|▍         | 7/171 [00:09<03:38,  1.33s/it]  5%|▍         | 8/171 [00:10<03:35,  1.32s/it]  5%|▌         | 9/171 [00:12<03:34,  1.32s/it]  6%|▌         | 10/171 [00:13<03:32,  1.32s/it]n192-025-219:252608:254107 [0] NCCL INFO Using non-device net plugin version 0
n192-025-219:252608:254107 [0] NCCL INFO Using network IB
n192-025-219:252611:254108 [3] NCCL INFO Using non-device net plugin version 0
n192-025-219:252611:254108 [3] NCCL INFO Using network IB
n192-025-219:252610:254110 [2] NCCL INFO Using non-device net plugin version 0
n192-025-219:252615:254109 [7] NCCL INFO Using non-device net plugin version 0
n192-025-219:252614:254111 [6] NCCL INFO Using non-device net plugin version 0
n192-025-219:252610:254110 [2] NCCL INFO Using network IB
n192-025-219:252613:254112 [5] NCCL INFO Using non-device net plugin version 0
n192-025-219:252615:254109 [7] NCCL INFO Using network IB
n192-025-219:252614:254111 [6] NCCL INFO Using network IB
n192-025-219:252612:254113 [4] NCCL INFO Using non-device net plugin version 0
n192-025-219:252613:254112 [5] NCCL INFO Using network IB
n192-025-219:252612:254113 [4] NCCL INFO Using network IB
n192-025-219:252609:254114 [1] NCCL INFO Using non-device net plugin version 0
n192-025-219:252609:254114 [1] NCCL INFO Using network IB
n192-025-219:252615:254109 [7] NCCL INFO comm 0x1e546d30 rank 7 nranks 8 cudaDev 7 nvmlDev 7 busId b2000 commId 0xb50b59afd8018cf7 - Init START
n192-025-219:252614:254111 [6] NCCL INFO comm 0x38a32a00 rank 6 nranks 8 cudaDev 6 nvmlDev 6 busId b1000 commId 0xb50b59afd8018cf7 - Init START
n192-025-219:252613:254112 [5] NCCL INFO comm 0x9cf2d700 rank 5 nranks 8 cudaDev 5 nvmlDev 5 busId 89000 commId 0xb50b59afd8018cf7 - Init START
n192-025-219:252612:254113 [4] NCCL INFO comm 0x5d780fd0 rank 4 nranks 8 cudaDev 4 nvmlDev 4 busId 88000 commId 0xb50b59afd8018cf7 - Init START
n192-025-219:252611:254108 [3] NCCL INFO comm 0x13476ab0 rank 3 nranks 8 cudaDev 3 nvmlDev 3 busId 3e000 commId 0xb50b59afd8018cf7 - Init START
n192-025-219:252610:254110 [2] NCCL INFO comm 0x124ff180 rank 2 nranks 8 cudaDev 2 nvmlDev 2 busId 3d000 commId 0xb50b59afd8018cf7 - Init START
n192-025-219:252608:254107 [0] NCCL INFO comm 0xb5f56600 rank 0 nranks 8 cudaDev 0 nvmlDev 0 busId 1a000 commId 0xb50b59afd8018cf7 - Init START
n192-025-219:252609:254114 [1] NCCL INFO comm 0x13c12910 rank 1 nranks 8 cudaDev 1 nvmlDev 1 busId 1b000 commId 0xb50b59afd8018cf7 - Init START
n192-025-219:252615:254109 [7] NCCL INFO === System : maxBw 40.0 totalBw 120.0 ===
n192-025-219:252615:254109 [7] NCCL INFO CPU/0 (1/1/2)
n192-025-219:252615:254109 [7] NCCL INFO + PCI[12.0] - PCI/18000 (10b5876410b58764)
n192-025-219:252615:254109 [7] NCCL INFO               + PCI[12.0] - GPU/1A000 (0)
n192-025-219:252615:254109 [7] NCCL INFO                             + NVL[40.0] - GPU/B2000
n192-025-219:252615:254109 [7] NCCL INFO                             + NVL[40.0] - GPU/3D000
n192-025-219:252615:254109 [7] NCCL INFO                             + NVL[20.0] - GPU/1B000
n192-025-219:252615:254109 [7] NCCL INFO                             + NVL[20.0] - GPU/3E000
n192-025-219:252615:254109 [7] NCCL INFO               + PCI[12.0] - GPU/1B000 (1)
n192-025-219:252615:254109 [7] NCCL INFO                             + NVL[40.0] - GPU/3E000
n192-025-219:252615:254109 [7] NCCL INFO                             + NVL[40.0] - GPU/B1000
n192-025-219:252615:254109 [7] NCCL INFO                             + NVL[20.0] - GPU/3D000
n192-025-219:252615:254109 [7] NCCL INFO                             + NVL[20.0] - GPU/1A000
n192-025-219:252615:254109 [7] NCCL INFO + PCI[12.0] - PCI/3B000 (10b5876410b58764)
n192-025-219:252615:254109 [7] NCCL INFO               + PCI[12.0] - GPU/3D000 (2)
n192-025-219:252615:254109 [7] NCCL INFO                             + NVL[40.0] - GPU/1A000
n192-025-219:252615:254109 [7] NCCL INFO                             + NVL[40.0] - GPU/3E000
n192-025-219:252615:254109 [7] NCCL INFO                             + NVL[20.0] - GPU/89000
n192-025-219:252615:254109 [7] NCCL INFO                             + NVL[20.0] - GPU/1B000
n192-025-219:252615:254109 [7] NCCL INFO               + PCI[12.0] - GPU/3E000 (3)
n192-025-219:252615:254109 [7] NCCL INFO                             + NVL[40.0] - GPU/3D000
n192-025-219:252615:254109 [7] NCCL INFO                             + NVL[40.0] - GPU/1B000
n192-025-219:252615:254109 [7] NCCL INFO                             + NVL[20.0] - GPU/1A000
n192-025-219:252615:254109 [7] NCCL INFO                             + NVL[20.0] - GPU/88000
n192-025-219:252615:254109 [7] NCCL INFO + SYS[10.0] - CPU/1
n192-025-219:252615:254109 [7] NCCL INFO CPU/1 (1/1/2)
n192-025-219:252615:254109 [7] NCCL INFO + PCI[12.0] - PCI/86000 (10b5876410b58764)
n192-025-219:252615:254109 [7] NCCL INFO               + PCI[12.0] - GPU/88000 (4)
n192-025-219:252615:254109 [7] NCCL INFO                             + NVL[40.0] - GPU/89000
n192-025-219:252615:254109 [7] NCCL INFO                             + NVL[40.0] - GPU/B1000
n192-025-219:252615:254109 [7] NCCL INFO                             + NVL[20.0] - GPU/3E000
n192-025-219:252615:254109 [7] NCCL INFO                             + NVL[20.0] - GPU/B2000
n192-025-219:252615:254109 [7] NCCL INFO               + PCI[12.0] - GPU/89000 (5)
n192-025-219:252615:254109 [7] NCCL INFO                             + NVL[40.0] - GPU/B2000
n192-025-219:252615:254109 [7] NCCL INFO                             + NVL[40.0] - GPU/88000
n192-025-219:252615:254109 [7] NCCL INFO                             + NVL[20.0] - GPU/B1000
n192-025-219:252615:254109 [7] NCCL INFO                             + NVL[20.0] - GPU/3D000
n192-025-219:252615:254109 [7] NCCL INFO               + PCI[12.0] - NIC/8A000
n192-025-219:252615:254109 [7] NCCL INFO + PCI[12.0] - PCI/AF000 (10b5876410b58764)
n192-025-219:252615:254109 [7] NCCL INFO               + PCI[12.0] - GPU/B1000 (6)
n192-025-219:252615:254109 [7] NCCL INFO                             + NVL[40.0] - GPU/88000
n192-025-219:252615:254109 [7] NCCL INFO                             + NVL[40.0] - GPU/1B000
n192-025-219:252615:254109 [7] NCCL INFO                             + NVL[20.0] - GPU/89000
n192-025-219:252615:254109 [7] NCCL INFO                             + NVL[20.0] - GPU/B2000
n192-025-219:252615:254109 [7] NCCL INFO               + PCI[12.0] - GPU/B2000 (7)
n192-025-219:252615:254109 [7] NCCL INFO                             + NVL[40.0] - GPU/89000
n192-025-219:252615:254109 [7] NCCL INFO                             + NVL[40.0] - GPU/1A000
n192-025-219:252615:254109 [7] NCCL INFO                             + NVL[20.0] - GPU/B1000
n192-025-219:252615:254109 [7] NCCL INFO                             + NVL[20.0] - GPU/88000
n192-025-219:252615:254109 [7] NCCL INFO + SYS[10.0] - CPU/0
n192-025-219:252615:254109 [7] NCCL INFO ==========================================
n192-025-219:252615:254109 [7] NCCL INFO GPU/1A000 :GPU/1A000 (0/5000.000000/LOC) GPU/1B000 (1/20.000000/NVL) GPU/3D000 (1/40.000000/NVL) GPU/3E000 (1/20.000000/NVL) GPU/88000 (2/20.000000/NVB) GPU/89000 (2/40.000000/NVB) GPU/B1000 (2/20.000000/NVB) GPU/B2000 (1/40.000000/NVL) CPU/0 (2/12.000000/PHB) CPU/1 (3/10.000000/SYS) 
n192-025-219:252615:254109 [7] NCCL INFO GPU/1B000 :GPU/1A000 (1/20.000000/NVL) GPU/1B000 (0/5000.000000/LOC) GPU/3D000 (1/20.000000/NVL) GPU/3E000 (1/40.000000/NVL) GPU/88000 (2/40.000000/NVB) GPU/89000 (2/20.000000/NVB) GPU/B1000 (1/40.000000/NVL) GPU/B2000 (2/20.000000/NVB) CPU/0 (2/12.000000/PHB) CPU/1 (3/10.000000/SYS) 
n192-025-219:252615:254109 [7] NCCL INFO GPU/3D000 :GPU/1A000 (1/40.000000/NVL) GPU/1B000 (1/20.000000/NVL) GPU/3D000 (0/5000.000000/LOC) GPU/3E000 (1/40.000000/NVL) GPU/88000 (2/20.000000/NVB) GPU/89000 (1/20.000000/NVL) GPU/B1000 (2/20.000000/NVB) GPU/B2000 (2/40.000000/NVB) CPU/0 (2/12.000000/PHB) CPU/1 (3/10.000000/SYS) 
n192-025-219:252615:254109 [7] NCCL INFO GPU/3E000 :GPU/1A000 (1/20.000000/NVL) GPU/1B000 (1/40.000000/NVL) GPU/3D000 (1/40.000000/NVL) GPU/3E000 (0/5000.000000/LOC) GPU/88000 (1/20.000000/NVL) GPU/89000 (2/20.000000/NVB) GPU/B1000 (2/40.000000/NVB) GPU/B2000 (2/20.000000/NVB) CPU/0 (2/12.000000/PHB) CPU/1 (3/10.000000/SYS) 
n192-025-219:252615:254109 [7] NCCL INFO GPU/88000 :GPU/1A000 (2/20.000000/NVB) GPU/1B000 (2/40.000000/NVB) GPU/3D000 (2/20.000000/NVB) GPU/3E000 (1/20.000000/NVL) GPU/88000 (0/5000.000000/LOC) GPU/89000 (1/40.000000/NVL) GPU/B1000 (1/40.000000/NVL) GPU/B2000 (1/20.000000/NVL) CPU/0 (3/10.000000/SYS) CPU/1 (2/12.000000/PHB) 
n192-025-219:252615:254109 [7] NCCL INFO GPU/89000 :GPU/1A000 (2/40.000000/NVB) GPU/1B000 (2/20.000000/NVB) GPU/3D000 (1/20.000000/NVL) GPU/3E000 (2/20.000000/NVB) GPU/88000 (1/40.000000/NVL) GPU/89000 (0/5000.000000/LOC) GPU/B1000 (1/20.000000/NVL) GPU/B2000 (1/40.000000/NVL) CPU/0 (3/10.000000/SYS) CPU/1 (2/12.000000/PHB) 
n192-025-219:252615:254109 [7] NCCL INFO GPU/B1000 :GPU/1A000 (2/20.000000/NVB) GPU/1B000 (1/40.000000/NVL) GPU/3D000 (2/20.000000/NVB) GPU/3E000 (2/40.000000/NVB) GPU/88000 (1/40.000000/NVL) GPU/89000 (1/20.000000/NVL) GPU/B1000 (0/5000.000000/LOC) GPU/B2000 (1/20.000000/NVL) CPU/0 (3/10.000000/SYS) CPU/1 (2/12.000000/PHB) 
n192-025-219:252615:254109 [7] NCCL INFO GPU/B2000 :GPU/1A000 (1/40.000000/NVL) GPU/1B000 (2/20.000000/NVB) GPU/3D000 (2/40.000000/NVB) GPU/3E000 (2/20.000000/NVB) GPU/88000 (1/20.000000/NVL) GPU/89000 (1/40.000000/NVL) GPU/B1000 (1/20.000000/NVL) GPU/B2000 (0/5000.000000/LOC) CPU/0 (3/10.000000/SYS) CPU/1 (2/12.000000/PHB) 
n192-025-219:252615:254109 [7] NCCL INFO Setting affinity for GPU 7 to ffffff00,0000ffff,ff000000
n192-025-219:252615:254109 [7] NCCL INFO NVLS multicast support is not available on dev 7
n192-025-219:252611:254108 [3] NCCL INFO === System : maxBw 40.0 totalBw 120.0 ===
n192-025-219:252611:254108 [3] NCCL INFO CPU/0 (1/1/2)
n192-025-219:252611:254108 [3] NCCL INFO + PCI[12.0] - PCI/18000 (10b5876410b58764)
n192-025-219:252611:254108 [3] NCCL INFO               + PCI[12.0] - GPU/1A000 (0)
n192-025-219:252611:254108 [3] NCCL INFO                             + NVL[40.0] - GPU/B2000
n192-025-219:252611:254108 [3] NCCL INFO                             + NVL[40.0] - GPU/3D000
n192-025-219:252611:254108 [3] NCCL INFO                             + NVL[20.0] - GPU/1B000
n192-025-219:252611:254108 [3] NCCL INFO                             + NVL[20.0] - GPU/3E000
n192-025-219:252611:254108 [3] NCCL INFO               + PCI[12.0] - GPU/1B000 (1)
n192-025-219:252611:254108 [3] NCCL INFO                             + NVL[40.0] - GPU/3E000
n192-025-219:252611:254108 [3] NCCL INFO                             + NVL[40.0] - GPU/B1000
n192-025-219:252611:254108 [3] NCCL INFO                             + NVL[20.0] - GPU/3D000
n192-025-219:252611:254108 [3] NCCL INFO                             + NVL[20.0] - GPU/1A000
n192-025-219:252611:254108 [3] NCCL INFO + PCI[12.0] - PCI/3B000 (10b5876410b58764)
n192-025-219:252611:254108 [3] NCCL INFO               + PCI[12.0] - GPU/3D000 (2)
n192-025-219:252611:254108 [3] NCCL INFO                             + NVL[40.0] - GPU/1A000
n192-025-219:252611:254108 [3] NCCL INFO                             + NVL[40.0] - GPU/3E000
n192-025-219:252611:254108 [3] NCCL INFO                             + NVL[20.0] - GPU/89000
n192-025-219:252611:254108 [3] NCCL INFO                             + NVL[20.0] - GPU/1B000
n192-025-219:252611:254108 [3] NCCL INFO               + PCI[12.0] - GPU/3E000 (3)
n192-025-219:252611:254108 [3] NCCL INFO                             + NVL[40.0] - GPU/3D000
n192-025-219:252611:254108 [3] NCCL INFO                             + NVL[40.0] - GPU/1B000
n192-025-219:252611:254108 [3] NCCL INFO                             + NVL[20.0] - GPU/1A000
n192-025-219:252611:254108 [3] NCCL INFO                             + NVL[20.0] - GPU/88000
n192-025-219:252611:254108 [3] NCCL INFO + SYS[10.0] - CPU/1
n192-025-219:252611:254108 [3] NCCL INFO CPU/1 (1/1/2)
n192-025-219:252611:254108 [3] NCCL INFO + PCI[12.0] - PCI/86000 (10b5876410b58764)
n192-025-219:252611:254108 [3] NCCL INFO               + PCI[12.0] - GPU/88000 (4)
n192-025-219:252611:254108 [3] NCCL INFO                             + NVL[40.0] - GPU/89000
n192-025-219:252611:254108 [3] NCCL INFO                             + NVL[40.0] - GPU/B1000
n192-025-219:252611:254108 [3] NCCL INFO                             + NVL[20.0] - GPU/3E000
n192-025-219:252611:254108 [3] NCCL INFO                             + NVL[20.0] - GPU/B2000
n192-025-219:252611:254108 [3] NCCL INFO               + PCI[12.0] - GPU/89000 (5)
n192-025-219:252611:254108 [3] NCCL INFO                             + NVL[40.0] - GPU/B2000
n192-025-219:252611:254108 [3] NCCL INFO                             + NVL[40.0] - GPU/88000
n192-025-219:252611:254108 [3] NCCL INFO                             + NVL[20.0] - GPU/B1000
n192-025-219:252611:254108 [3] NCCL INFO                             + NVL[20.0] - GPU/3D000
n192-025-219:252611:254108 [3] NCCL INFO               + PCI[12.0] - NIC/8A000
n192-025-219:252611:254108 [3] NCCL INFO + PCI[12.0] - PCI/AF000 (10b5876410b58764)
n192-025-219:252611:254108 [3] NCCL INFO               + PCI[12.0] - GPU/B1000 (6)
n192-025-219:252611:254108 [3] NCCL INFO                             + NVL[40.0] - GPU/88000
n192-025-219:252611:254108 [3] NCCL INFO                             + NVL[40.0] - GPU/1B000
n192-025-219:252611:254108 [3] NCCL INFO                             + NVL[20.0] - GPU/89000
n192-025-219:252611:254108 [3] NCCL INFO                             + NVL[20.0] - GPU/B2000
n192-025-219:252611:254108 [3] NCCL INFO               + PCI[12.0] - GPU/B2000 (7)
n192-025-219:252611:254108 [3] NCCL INFO                             + NVL[40.0] - GPU/89000
n192-025-219:252611:254108 [3] NCCL INFO                             + NVL[40.0] - GPU/1A000
n192-025-219:252611:254108 [3] NCCL INFO                             + NVL[20.0] - GPU/B1000
n192-025-219:252611:254108 [3] NCCL INFO                             + NVL[20.0] - GPU/88000
n192-025-219:252611:254108 [3] NCCL INFO + SYS[10.0] - CPU/0
n192-025-219:252611:254108 [3] NCCL INFO ==========================================
n192-025-219:252611:254108 [3] NCCL INFO GPU/1A000 :GPU/1A000 (0/5000.000000/LOC) GPU/1B000 (1/20.000000/NVL) GPU/3D000 (1/40.000000/NVL) GPU/3E000 (1/20.000000/NVL) GPU/88000 (2/20.000000/NVB) GPU/89000 (2/40.000000/NVB) GPU/B1000 (2/20.000000/NVB) GPU/B2000 (1/40.000000/NVL) CPU/0 (2/12.000000/PHB) CPU/1 (3/10.000000/SYS) 
n192-025-219:252611:254108 [3] NCCL INFO GPU/1B000 :GPU/1A000 (1/20.000000/NVL) GPU/1B000 (0/5000.000000/LOC) GPU/3D000 (1/20.000000/NVL) GPU/3E000 (1/40.000000/NVL) GPU/88000 (2/40.000000/NVB) GPU/89000 (2/20.000000/NVB) GPU/B1000 (1/40.000000/NVL) GPU/B2000 (2/20.000000/NVB) CPU/0 (2/12.000000/PHB) CPU/1 (3/10.000000/SYS) 
n192-025-219:252611:254108 [3] NCCL INFO GPU/3D000 :GPU/1A000 (1/40.000000/NVL) GPU/1B000 (1/20.000000/NVL) GPU/3D000 (0/5000.000000/LOC) GPU/3E000 (1/40.000000/NVL) GPU/88000 (2/20.000000/NVB) GPU/89000 (1/20.000000/NVL) GPU/B1000 (2/20.000000/NVB) GPU/B2000 (2/40.000000/NVB) CPU/0 (2/12.000000/PHB) CPU/1 (3/10.000000/SYS) 
n192-025-219:252611:254108 [3] NCCL INFO GPU/3E000 :GPU/1A000 (1/20.000000/NVL) GPU/1B000 (1/40.000000/NVL) GPU/3D000 (1/40.000000/NVL) GPU/3E000 (0/5000.000000/LOC) GPU/88000 (1/20.000000/NVL) GPU/89000 (2/20.000000/NVB) GPU/B1000 (2/40.000000/NVB) GPU/B2000 (2/20.000000/NVB) CPU/0 (2/12.000000/PHB) CPU/1 (3/10.000000/SYS) 
n192-025-219:252611:254108 [3] NCCL INFO GPU/88000 :GPU/1A000 (2/20.000000/NVB) GPU/1B000 (2/40.000000/NVB) GPU/3D000 (2/20.000000/NVB) GPU/3E000 (1/20.000000/NVL) GPU/88000 (0/5000.000000/LOC) GPU/89000 (1/40.000000/NVL) GPU/B1000 (1/40.000000/NVL) GPU/B2000 (1/20.000000/NVL) CPU/0 (3/10.000000/SYS) CPU/1 (2/12.000000/PHB) 
n192-025-219:252611:254108 [3] NCCL INFO GPU/89000 :GPU/1A000 (2/40.000000/NVB) GPU/1B000 (2/20.000000/NVB) GPU/3D000 (1/20.000000/NVL) GPU/3E000 (2/20.000000/NVB) GPU/88000 (1/40.000000/NVL) GPU/89000 (0/5000.000000/LOC) GPU/B1000 (1/20.000000/NVL) GPU/B2000 (1/40.000000/NVL) CPU/0 (3/10.000000/SYS) CPU/1 (2/12.000000/PHB) 
n192-025-219:252611:254108 [3] NCCL INFO GPU/B1000 :GPU/1A000 (2/20.000000/NVB) GPU/1B000 (1/40.000000/NVL) GPU/3D000 (2/20.000000/NVB) GPU/3E000 (2/40.000000/NVB) GPU/88000 (1/40.000000/NVL) GPU/89000 (1/20.000000/NVL) GPU/B1000 (0/5000.000000/LOC) GPU/B2000 (1/20.000000/NVL) CPU/0 (3/10.000000/SYS) CPU/1 (2/12.000000/PHB) 
n192-025-219:252611:254108 [3] NCCL INFO GPU/B2000 :GPU/1A000 (1/40.000000/NVL) GPU/1B000 (2/20.000000/NVB) GPU/3D000 (2/40.000000/NVB) GPU/3E000 (2/20.000000/NVB) GPU/88000 (1/20.000000/NVL) GPU/89000 (1/40.000000/NVL) GPU/B1000 (1/20.000000/NVL) GPU/B2000 (0/5000.000000/LOC) CPU/0 (3/10.000000/SYS) CPU/1 (2/12.000000/PHB) 
n192-025-219:252611:254108 [3] NCCL INFO Setting affinity for GPU 3 to ff,ffff0000,00ffffff
n192-025-219:252611:254108 [3] NCCL INFO NVLS multicast support is not available on dev 3
n192-025-219:252614:254111 [6] NCCL INFO === System : maxBw 40.0 totalBw 120.0 ===
n192-025-219:252614:254111 [6] NCCL INFO CPU/0 (1/1/2)
n192-025-219:252614:254111 [6] NCCL INFO + PCI[12.0] - PCI/18000 (10b5876410b58764)
n192-025-219:252614:254111 [6] NCCL INFO               + PCI[12.0] - GPU/1A000 (0)
n192-025-219:252614:254111 [6] NCCL INFO                             + NVL[40.0] - GPU/B2000
n192-025-219:252614:254111 [6] NCCL INFO                             + NVL[40.0] - GPU/3D000
n192-025-219:252614:254111 [6] NCCL INFO                             + NVL[20.0] - GPU/1B000
n192-025-219:252614:254111 [6] NCCL INFO                             + NVL[20.0] - GPU/3E000
n192-025-219:252614:254111 [6] NCCL INFO               + PCI[12.0] - GPU/1B000 (1)
n192-025-219:252614:254111 [6] NCCL INFO                             + NVL[40.0] - GPU/3E000
n192-025-219:252614:254111 [6] NCCL INFO                             + NVL[40.0] - GPU/B1000
n192-025-219:252614:254111 [6] NCCL INFO                             + NVL[20.0] - GPU/3D000
n192-025-219:252614:254111 [6] NCCL INFO                             + NVL[20.0] - GPU/1A000
n192-025-219:252614:254111 [6] NCCL INFO + PCI[12.0] - PCI/3B000 (10b5876410b58764)
n192-025-219:252614:254111 [6] NCCL INFO               + PCI[12.0] - GPU/3D000 (2)
n192-025-219:252614:254111 [6] NCCL INFO                             + NVL[40.0] - GPU/1A000
n192-025-219:252614:254111 [6] NCCL INFO                             + NVL[40.0] - GPU/3E000
n192-025-219:252614:254111 [6] NCCL INFO                             + NVL[20.0] - GPU/89000
n192-025-219:252614:254111 [6] NCCL INFO                             + NVL[20.0] - GPU/1B000
n192-025-219:252614:254111 [6] NCCL INFO               + PCI[12.0] - GPU/3E000 (3)
n192-025-219:252614:254111 [6] NCCL INFO                             + NVL[40.0] - GPU/3D000
n192-025-219:252614:254111 [6] NCCL INFO                             + NVL[40.0] - GPU/1B000
n192-025-219:252614:254111 [6] NCCL INFO                             + NVL[20.0] - GPU/1A000
n192-025-219:252614:254111 [6] NCCL INFO                             + NVL[20.0] - GPU/88000
n192-025-219:252614:254111 [6] NCCL INFO + SYS[10.0] - CPU/1
n192-025-219:252614:254111 [6] NCCL INFO CPU/1 (1/1/2)
n192-025-219:252614:254111 [6] NCCL INFO + PCI[12.0] - PCI/86000 (10b5876410b58764)
n192-025-219:252614:254111 [6] NCCL INFO               + PCI[12.0] - GPU/88000 (4)
n192-025-219:252614:254111 [6] NCCL INFO                             + NVL[40.0] - GPU/89000
n192-025-219:252614:254111 [6] NCCL INFO                             + NVL[40.0] - GPU/B1000
n192-025-219:252614:254111 [6] NCCL INFO                             + NVL[20.0] - GPU/3E000
n192-025-219:252614:254111 [6] NCCL INFO                             + NVL[20.0] - GPU/B2000
n192-025-219:252614:254111 [6] NCCL INFO               + PCI[12.0] - GPU/89000 (5)
n192-025-219:252614:254111 [6] NCCL INFO                             + NVL[40.0] - GPU/B2000
n192-025-219:252614:254111 [6] NCCL INFO                             + NVL[40.0] - GPU/88000
n192-025-219:252614:254111 [6] NCCL INFO                             + NVL[20.0] - GPU/B1000
n192-025-219:252614:254111 [6] NCCL INFO                             + NVL[20.0] - GPU/3D000
n192-025-219:252614:254111 [6] NCCL INFO               + PCI[12.0] - NIC/8A000
n192-025-219:252614:254111 [6] NCCL INFO + PCI[12.0] - PCI/AF000 (10b5876410b58764)
n192-025-219:252614:254111 [6] NCCL INFO               + PCI[12.0] - GPU/B1000 (6)
n192-025-219:252614:254111 [6] NCCL INFO                             + NVL[40.0] - GPU/88000
n192-025-219:252614:254111 [6] NCCL INFO                             + NVL[40.0] - GPU/1B000
n192-025-219:252614:254111 [6] NCCL INFO                             + NVL[20.0] - GPU/89000
n192-025-219:252614:254111 [6] NCCL INFO                             + NVL[20.0] - GPU/B2000
n192-025-219:252614:254111 [6] NCCL INFO               + PCI[12.0] - GPU/B2000 (7)
n192-025-219:252614:254111 [6] NCCL INFO                             + NVL[40.0] - GPU/89000
n192-025-219:252614:254111 [6] NCCL INFO                             + NVL[40.0] - GPU/1A000
n192-025-219:252614:254111 [6] NCCL INFO                             + NVL[20.0] - GPU/B1000
n192-025-219:252614:254111 [6] NCCL INFO                             + NVL[20.0] - GPU/88000
n192-025-219:252614:254111 [6] NCCL INFO + SYS[10.0] - CPU/0
n192-025-219:252614:254111 [6] NCCL INFO ==========================================
n192-025-219:252614:254111 [6] NCCL INFO GPU/1A000 :GPU/1A000 (0/5000.000000/LOC) GPU/1B000 (1/20.000000/NVL) GPU/3D000 (1/40.000000/NVL) GPU/3E000 (1/20.000000/NVL) GPU/88000 (2/20.000000/NVB) GPU/89000 (2/40.000000/NVB) GPU/B1000 (2/20.000000/NVB) GPU/B2000 (1/40.000000/NVL) CPU/0 (2/12.000000/PHB) CPU/1 (3/10.000000/SYS) 
n192-025-219:252613:254112 [5] NCCL INFO === System : maxBw 40.0 totalBw 120.0 ===
n192-025-219:252614:254111 [6] NCCL INFO GPU/1B000 :GPU/1A000 (1/20.000000/NVL) GPU/1B000 (0/5000.000000/LOC) GPU/3D000 (1/20.000000/NVL) GPU/3E000 (1/40.000000/NVL) GPU/88000 (2/40.000000/NVB) GPU/89000 (2/20.000000/NVB) GPU/B1000 (1/40.000000/NVL) GPU/B2000 (2/20.000000/NVB) CPU/0 (2/12.000000/PHB) CPU/1 (3/10.000000/SYS) 
n192-025-219:252610:254110 [2] NCCL INFO === System : maxBw 40.0 totalBw 120.0 ===
n192-025-219:252613:254112 [5] NCCL INFO CPU/0 (1/1/2)
n192-025-219:252614:254111 [6] NCCL INFO GPU/3D000 :GPU/1A000 (1/40.000000/NVL) GPU/1B000 (1/20.000000/NVL) GPU/3D000 (0/5000.000000/LOC) GPU/3E000 (1/40.000000/NVL) GPU/88000 (2/20.000000/NVB) GPU/89000 (1/20.000000/NVL) GPU/B1000 (2/20.000000/NVB) GPU/B2000 (2/40.000000/NVB) CPU/0 (2/12.000000/PHB) CPU/1 (3/10.000000/SYS) 
n192-025-219:252610:254110 [2] NCCL INFO CPU/0 (1/1/2)
n192-025-219:252613:254112 [5] NCCL INFO + PCI[12.0] - PCI/18000 (10b5876410b58764)
n192-025-219:252610:254110 [2] NCCL INFO + PCI[12.0] - PCI/18000 (10b5876410b58764)
n192-025-219:252614:254111 [6] NCCL INFO GPU/3E000 :GPU/1A000 (1/20.000000/NVL) GPU/1B000 (1/40.000000/NVL) GPU/3D000 (1/40.000000/NVL) GPU/3E000 (0/5000.000000/LOC) GPU/88000 (1/20.000000/NVL) GPU/89000 (2/20.000000/NVB) GPU/B1000 (2/40.000000/NVB) GPU/B2000 (2/20.000000/NVB) CPU/0 (2/12.000000/PHB) CPU/1 (3/10.000000/SYS) 
n192-025-219:252613:254112 [5] NCCL INFO               + PCI[12.0] - GPU/1A000 (0)
n192-025-219:252610:254110 [2] NCCL INFO               + PCI[12.0] - GPU/1A000 (0)
n192-025-219:252614:254111 [6] NCCL INFO GPU/88000 :GPU/1A000 (2/20.000000/NVB) GPU/1B000 (2/40.000000/NVB) GPU/3D000 (2/20.000000/NVB) GPU/3E000 (1/20.000000/NVL) GPU/88000 (0/5000.000000/LOC) GPU/89000 (1/40.000000/NVL) GPU/B1000 (1/40.000000/NVL) GPU/B2000 (1/20.000000/NVL) CPU/0 (3/10.000000/SYS) CPU/1 (2/12.000000/PHB) 
n192-025-219:252613:254112 [5] NCCL INFO                             + NVL[40.0] - GPU/B2000
n192-025-219:252610:254110 [2] NCCL INFO                             + NVL[40.0] - GPU/B2000
n192-025-219:252614:254111 [6] NCCL INFO GPU/89000 :GPU/1A000 (2/40.000000/NVB) GPU/1B000 (2/20.000000/NVB) GPU/3D000 (1/20.000000/NVL) GPU/3E000 (2/20.000000/NVB) GPU/88000 (1/40.000000/NVL) GPU/89000 (0/5000.000000/LOC) GPU/B1000 (1/20.000000/NVL) GPU/B2000 (1/40.000000/NVL) CPU/0 (3/10.000000/SYS) CPU/1 (2/12.000000/PHB) 
n192-025-219:252613:254112 [5] NCCL INFO                             + NVL[40.0] - GPU/3D000
n192-025-219:252610:254110 [2] NCCL INFO                             + NVL[40.0] - GPU/3D000
n192-025-219:252613:254112 [5] NCCL INFO                             + NVL[20.0] - GPU/1B000
